../drivers/dfu/dfu.c:230:12:dfu_write_buffer_drain	32	static
../drivers/dfu/dfu.c:32:13:dfu_flush_callback	0	static
../drivers/dfu/dfu.c:40:13:dfu_initiated_callback	0	static
../drivers/dfu/dfu.c:55:13:dfu_usb_get_reset	0	static
../drivers/dfu/dfu.c:171:16:dfu_free_buf	8	static
../drivers/dfu/dfu.c:178:15:dfu_get_buf_size	0	static
../drivers/dfu/dfu.c:183:16:dfu_get_buf	24	static
../drivers/dfu/dfu.c:259:6:dfu_transaction_cleanup	24	static
../drivers/dfu/dfu.c:275:5:dfu_transaction_initiate	16	static
../drivers/dfu/dfu.c:302:5:dfu_flush	16	static
../drivers/dfu/dfu.c:324:5:dfu_write	24	static
../drivers/dfu/dfu.c:445:5:dfu_read	40	static
../drivers/dfu/dfu.c:524:6:dfu_free_entities	24	static
../drivers/dfu/dfu.c:542:5:dfu_alt_init	24	static
../drivers/dfu/dfu.c:565:5:dfu_alt_add	32	static
../drivers/dfu/dfu.c:94:5:dfu_config_interfaces	48	static
../drivers/dfu/dfu.c:584:5:dfu_config_entities	48	static
../drivers/dfu/dfu.c:135:5:dfu_init_env_entities	16	static
../drivers/dfu/dfu.c:606:13:dfu_get_dev_type	48	static
../drivers/dfu/dfu.c:613:13:dfu_get_layout	48	static
../drivers/dfu/dfu.c:620:6:dfu_show_entities	32	static
../drivers/dfu/dfu.c:633:5:dfu_get_alt_number	0	static
../drivers/dfu/dfu.c:638:20:dfu_get_entity	8	static
../drivers/dfu/dfu.c:650:5:dfu_get_alt	24	static
../drivers/dfu/dfu.c:687:5:dfu_write_from_mem_addr	32	static
