../drivers/i2c/mxc_i2c.c:205:12:wait_for_sr_state	56	static
../drivers/i2c/mxc_i2c.c:239:12:tx_byte	16	static
../drivers/i2c/mxc_i2c.c:269:13:i2c_imx_stop	8	static
../drivers/i2c/mxc_i2c.c:889:12:mxc_i2c_set_bus_speed	16	static
../drivers/i2c/mxc_i2c.c:260:6:__i2c_force_reset_slave	0	static
../drivers/i2c/mxc_i2c.c:417:5:i2c_idle_bus	32	static
../drivers/i2c/mxc_i2c.c:510:12:i2c_init_transfer.constprop	56	static
../drivers/i2c/mxc_i2c.c:991:12:mxc_i2c_xfer	56	static
../drivers/i2c/mxc_i2c.c:974:12:mxc_i2c_probe_chip	16	static
../drivers/i2c/mxc_i2c.c:494:6:i2c_early_init_f	0	static
../drivers/i2c/mxc_i2c.c:642:5:__enable_i2c_clk	0	static
../drivers/i2c/mxc_i2c.c:896:12:mxc_i2c_probe	32	static
