../drivers/usb/gadget/f_dfu.c:768:12:dfu_set_alt	0	static
../drivers/usb/gadget/f_dfu.c:781:12:__dfu_get_alt	0	static
../drivers/usb/gadget/f_dfu.c:789:13:dfu_disable	0	static
../drivers/usb/gadget/f_dfu.c:827:5:dfu_add	16	static
../drivers/usb/gadget/f_dfu.c:585:1:dfu_handle	24	static
../drivers/usb/gadget/f_dfu.c:169:13:dnload_request_flush	8	static
../drivers/usb/gadget/f_dfu.c:156:13:dnload_request_complete	16	static
../drivers/usb/gadget/f_dfu.c:741:13:dfu_unbind	16	static
../drivers/usb/gadget/f_dfu.c:695:12:dfu_bind	32	static
../drivers/usb/gadget/f_dfu.c:240:12:handle_upload.constprop	16	static
../drivers/usb/gadget/f_dfu.c:181:12:handle_getstatus	16	static
../drivers/usb/gadget/f_dfu.c:541:12:state_dfu_error	0	static
../drivers/usb/gadget/f_dfu.c:451:12:state_dfu_manifest_sync	16	static
../drivers/usb/gadget/f_dfu.c:417:12:state_dfu_dnload_idle	8	static
../drivers/usb/gadget/f_dfu.c:397:12:state_dfu_dnbusy	0	static
../drivers/usb/gadget/f_dfu.c:374:12:state_dfu_dnload_sync	0	static
../drivers/usb/gadget/f_dfu.c:291:12:state_app_detach	0	static
../drivers/usb/gadget/f_dfu.c:264:12:state_app_idle	4	static
../drivers/usb/gadget/f_dfu.c:504:12:state_dfu_upload_idle	16	static
../drivers/usb/gadget/f_dfu.c:478:12:state_dfu_manifest	16	static
../drivers/usb/gadget/f_dfu.c:314:12:state_dfu_idle	16	static
