../drivers/usb/gadget/f_mass_storage.c:462:13:raise_exception	0	static
../drivers/usb/gadget/f_mass_storage.c:476:12:ep0_queue	8	static
../drivers/usb/gadget/f_mass_storage.c:495:13:bulk_in_complete	16	static
../drivers/usb/gadget/f_mass_storage.c:512:13:bulk_out_complete	16	static
../drivers/usb/gadget/f_mass_storage.c:2267:12:fsg_set_alt	8	static
../drivers/usb/gadget/f_mass_storage.c:2275:13:fsg_disable	0	static
../drivers/usb/gadget/f_mass_storage.c:535:12:fsg_setup	16	static
../drivers/usb/gadget/f_mass_storage.c:653:12:sleep_thread	24	static
../drivers/usb/gadget/f_mass_storage.c:2639:13:fsg_unbind	8	static
../drivers/usb/gadget/storage_common.c:598:13:store_cdrom_address	16	static
../drivers/usb/gadget/f_mass_storage.c:2748:5:fsg_add	48	static
../drivers/usb/gadget/f_mass_storage.c:1663:12:check_command.constprop	48	static
../drivers/usb/gadget/f_mass_storage.c:589:13:start_transfer.constprop	16	static
../drivers/usb/gadget/f_mass_storage.c:816:12:do_write	48	static
../drivers/usb/gadget/f_mass_storage.c:1603:12:send_status	16	static
../drivers/usb/gadget/f_mass_storage.c:689:12:do_read	40	static
../drivers/usb/gadget/f_mass_storage.c:438:12:fsg_set_halt.constprop	0	static
../drivers/usb/gadget/f_mass_storage.c:1384:12:halt_bulk_in_endpoint	8	static
../drivers/usb/gadget/f_mass_storage.c:1235:12:do_mode_sense.isra	40	static
../drivers/usb/gadget/f_mass_storage.c:2176:12:do_set_interface.isra	32	static
../drivers/usb/gadget/f_mass_storage.c:2392:5:fsg_main_thread	56	static
../drivers/usb/gadget/f_mass_storage.c:2603:1:usb_copy_descriptors	24	static
../drivers/usb/gadget/f_mass_storage.c:2654:12:fsg_bind	24	static
../drivers/usb/gadget/f_mass_storage.c:2766:5:fsg_init	0	static
