../arch/arm/mach-imx/mx7/clock.c:77:6:enable_usboh3_clk.part.0	8	static
../arch/arm/mach-imx/mx7/clock.c:340:12:mxc_get_pll_ddr_derive	24	static
../arch/arm/mach-imx/mx7/clock.c:66:6:enable_ocotp_clk	0	static
../arch/arm/mach-imx/mx7/clock.c:71:6:enable_thermal_clk	0	static
../arch/arm/mach-imx/mx7/clock.c:77:6:enable_usboh3_clk	8	static
../arch/arm/mach-imx/mx7/clock.c:438:5:get_root_clk	32	static
../arch/arm/mach-imx/mx7/clock.c:41:5:get_ahb_clk	0	static
../arch/arm/mach-imx/mx7/clock.c:55:5:imx_get_uartclk	0	static
../arch/arm/mach-imx/mx7/clock.c:60:5:imx_get_fecclk	0	static
../arch/arm/mach-imx/mx7/clock.c:472:12:get_ddrc_clk	8	static
../arch/arm/mach-imx/mx7/clock.c:27:5:get_clocks	8	static
../arch/arm/mach-imx/mx7/clock.c:1103:5:do_mx7_showclocks	16	static
../arch/arm/mach-imx/mx7/clock.c:490:14:mxc_get_clock	8	static
../arch/arm/mach-imx/mx7/clock.c:525:5:enable_i2c_clk	16	static
../arch/arm/mach-imx/mx7/clock.c:853:5:set_clk_qspi	8	static
../arch/arm/mach-imx/mx7/clock.c:872:5:set_clk_nand	8	static
../arch/arm/mach-imx/mx7/clock.c:892:6:mxs_set_lcdclk	24	static
../arch/arm/mach-imx/mx7/clock.c:1031:6:clock_init	8	static
