../arch/arm/mach-imx/mx7/clock_slice.c:375:12:select	0	static
../arch/arm/mach-imx/mx7/clock_slice.c:390:12:src_supported	8	static
../arch/arm/mach-imx/mx7/clock_slice.c:409:5:clock_set_src	16	static
../arch/arm/mach-imx/mx7/clock_slice.c:434:5:clock_get_src	16	static
../arch/arm/mach-imx/mx7/clock_slice.c:457:5:clock_set_prediv	16	static
../arch/arm/mach-imx/mx7/clock_slice.c:489:5:clock_get_prediv	16	static
../arch/arm/mach-imx/mx7/clock_slice.c:520:5:clock_set_postdiv	8	static
../arch/arm/mach-imx/mx7/clock_slice.c:548:5:clock_get_postdiv	0	static
../arch/arm/mach-imx/mx7/clock_slice.c:572:5:clock_set_autopostdiv	16	static
../arch/arm/mach-imx/mx7/clock_slice.c:610:5:clock_get_autopostdiv	16	static
../arch/arm/mach-imx/mx7/clock_slice.c:650:5:clock_get_target_val	0	static
../arch/arm/mach-imx/mx7/clock_slice.c:660:5:clock_set_target_val	0	static
../arch/arm/mach-imx/mx7/clock_slice.c:671:5:clock_root_cfg	24	static
../arch/arm/mach-imx/mx7/clock_slice.c:724:5:clock_root_enabled	0	static
../arch/arm/mach-imx/mx7/clock_slice.c:743:5:clock_enable	0	static
