../drivers/mmc/mmc-uclass.c:456:12:mmc_blk_remove	8	static
../drivers/mmc/mmc-uclass.c:437:12:mmc_blk_probe	8	static
../drivers/mmc/mmc-uclass.c:39:5:dm_mmc_set_ios	0	static
../drivers/mmc/mmc-uclass.c:48:5:mmc_set_ios	0	static
../drivers/mmc/mmc-uclass.c:53:5:dm_mmc_wait_dat0	0	static
../drivers/mmc/mmc-uclass.c:62:5:mmc_wait_dat0	0	static
../drivers/mmc/mmc-uclass.c:67:5:dm_mmc_get_wp	0	static
../drivers/mmc/mmc-uclass.c:76:5:mmc_getwp	0	static
../drivers/mmc/mmc-uclass.c:81:5:dm_mmc_get_cd	0	static
../drivers/mmc/mmc-uclass.c:90:5:mmc_getcd	0	static
../drivers/mmc/mmc-uclass.c:96:5:dm_mmc_execute_tuning	0	static
../drivers/mmc/mmc-uclass.c:105:5:mmc_execute_tuning	0	static
../drivers/mmc/mmc-uclass.c:128:5:dm_mmc_host_power_cycle	0	static
../drivers/mmc/mmc-uclass.c:137:5:mmc_host_power_cycle	0	static
../drivers/mmc/mmc-uclass.c:142:5:dm_mmc_deferred_probe	0	static
../drivers/mmc/mmc-uclass.c:152:5:mmc_deferred_probe	0	static
../drivers/mmc/mmc-uclass.c:157:5:dm_mmc_hs400_prepare_ddr	0	static
../drivers/mmc/mmc-uclass.c:167:5:mmc_hs400_prepare_ddr	0	static
../drivers/mmc/mmc-uclass.c:172:5:dm_mmc_reinit	0	static
../drivers/mmc/mmc-uclass.c:182:5:mmc_reinit	0	static
../drivers/mmc/mmc-uclass.c:187:5:mmc_of_parse	16	static
../drivers/mmc/mmc-uclass.c:257:13:mmc_get_mmc_dev	8	static
../drivers/mmc/mmc-uclass.c:17:5:dm_mmc_send_cmd	16	static
../drivers/mmc/mmc-uclass.c:34:5:mmc_send_cmd	0	static
../drivers/mmc/mmc-uclass.c:417:12:mmc_select_hwpart	16	static
../drivers/mmc/mmc-uclass.c:268:13:find_mmc_device	16	static
../drivers/mmc/mmc-uclass.c:289:5:get_mmc_num	8	static
../drivers/mmc/mmc-uclass.c:294:5:mmc_get_next_devnum	0	static
../drivers/mmc/mmc-uclass.c:299:18:mmc_get_blk_desc	16	static
../drivers/mmc/mmc-uclass.c:312:6:mmc_do_preinit	16	static
../drivers/mmc/mmc-uclass.c:332:6:print_mmc_devices	40	static
../drivers/mmc/mmc-uclass.c:365:5:mmc_bind	48	static
../drivers/mmc/mmc-uclass.c:404:5:mmc_unbind	16	static
