../drivers/mmc/mmc.c:729:12:mmc_send_ext_csd	56	static
../drivers/mmc/mmc.c:633:12:mmc_send_op_cond_iter	40	static
../drivers/mmc/mmc.c:470:12:mmc_go_idle	40	static
../drivers/mmc/mmc.c:1809:12:mmc_read_and_compare_ext_csd	592	static
../drivers/mmc/mmc.c:947:12:mmc_set_capacity	24	static
../drivers/mmc/mmc.c:1649:12:mmc_set_signal_voltage	0	static
../drivers/mmc/mmc.c:2712:12:mmc_power_on.isra	8	static
../drivers/mmc/mmc.c:2743:12:mmc_power_cycle	16	static
../drivers/mmc/mmc.c:183:12:mmc_select_mode.isra	0	static
../drivers/mmc/mmc.c:132:13:mmc_mode_name	0	static
../drivers/mmc/mmc.c:206:5:mmc_send_status	48	static
../drivers/mmc/mmc.c:750:12:__mmc_switch	56	static
../drivers/mmc/mmc.c:228:5:mmc_poll_for_busy	32	static
../drivers/mmc/mmc.c:270:5:mmc_set_blocklen	48	static
../drivers/mmc/mmc.c:333:5:mmc_send_tuning	72	dynamic
../drivers/mmc/mmc.c:414:7:mmc_bread	80	static
../drivers/mmc/mmc.c:816:5:mmc_switch	16	static
../drivers/mmc/mmc.c:2183:12:mmc_startup_v4	608	static
../drivers/mmc/mmc.c:975:5:mmc_switch_part	32	static
../drivers/mmc/mmc.c:1000:5:mmc_hwpart_config	656	static
../drivers/mmc/mmc.c:1579:5:mmc_set_clock	4	static
../drivers/mmc/mmc.c:1715:12:sd_select_mode_and_width	224	static
../drivers/mmc/mmc.c:822:12:mmc_set_card_speed	608	static
../drivers/mmc/mmc.c:2042:12:mmc_select_mode_and_width	48	static
../drivers/mmc/mmc.c:1610:6:mmc_dump_capabilities	0	static
../drivers/mmc/mmc.c:1638:5:mmc_voltage_to_mv	0	static
../drivers/mmc/mmc.c:2763:5:mmc_get_op_cond	88	static
../drivers/mmc/mmc.c:2848:5:mmc_start_init	8	static
../drivers/mmc/mmc.c:2904:5:mmc_init	416	static
../drivers/mmc/mmc.c:2932:5:mmc_deinit	0	static
../drivers/mmc/mmc.c:2955:5:mmc_set_dsr	0	static
../drivers/mmc/mmc.c:2962:12:cpu_mmc_init	0	static
../drivers/mmc/mmc.c:2968:12:board_mmc_init	0	static
../drivers/mmc/mmc.c:2973:6:mmc_set_preinit	0	static
../drivers/mmc/mmc.c:3017:5:mmc_initialize	24	static
../drivers/mmc/mmc.c:3043:5:mmc_init_device	16	static
