Archive member included to satisfy reference by file (symbol)

arch/arm/lib/lib.a(lib1funcs.o)
                              arch/arm/mach-imx/built-in.o (__aeabi_uidiv)
arch/arm/lib/lib.a(uldivmod.o)
                              lib/built-in.o (__aeabi_uldivmod)
arch/arm/lib/lib.a(div0.o)    arch/arm/lib/lib.a(lib1funcs.o) (__div0)

Discarded input sections

 .data          0x0000000000000000        0x0 arch/arm/cpu/armv7/start.o
 .bss           0x0000000000000000        0x0 arch/arm/cpu/armv7/start.o
 .text.v7_arch_cp15_set_l2aux_ctrl
                0x0000000000000000        0x6 arch/arm/cpu/armv7/built-in.o
 .text.v7_arch_cp15_set_acr
                0x0000000000000000        0x6 arch/arm/cpu/armv7/built-in.o
 .text.sdelay   0x0000000000000000        0x6 arch/arm/cpu/armv7/built-in.o
 .text.wait_on_value
                0x0000000000000000       0x1e arch/arm/cpu/armv7/built-in.o
 .text.s_init   0x0000000000000000        0x4 arch/arm/cpu/armv7/built-in.o
 .text.smp_kick_all_cpus
                0x0000000000000000       0x18 arch/arm/cpu/armv7/built-in.o
 .data          0x0000000000000000        0x0 arch/arm/cpu/armv7/built-in.o
 .bss           0x0000000000000000        0x0 arch/arm/cpu/armv7/built-in.o
 .text.reset_misc
                0x0000000000000000        0x2 arch/arm/lib/built-in.o
 .text.enable_caches
                0x0000000000000000        0xc arch/arm/lib/built-in.o
 .text.invalidate_dcache_range
                0x0000000000000000        0x2 arch/arm/lib/built-in.o
 .text.flush_dcache_range
                0x0000000000000000        0x2 arch/arm/lib/built-in.o
 .text.flush_dcache_all
                0x0000000000000000        0xa arch/arm/lib/built-in.o
 .text.invalidate_l2_cache
                0x0000000000000000        0xc arch/arm/lib/built-in.o
 .text.arm_init_before_mmu
                0x0000000000000000        0x2 arch/arm/lib/built-in.o
 .text.arm_init_domains
                0x0000000000000000        0x2 arch/arm/lib/built-in.o
 .text.mmu_page_table_flush
                0x0000000000000000        0x2 arch/arm/lib/built-in.o
 .text.dram_bank_mmu_setup
                0x0000000000000000       0x28 arch/arm/lib/built-in.o
 .rodata.enable_caches.str1.1
                0x0000000000000000       0x1d arch/arm/lib/built-in.o
 .data          0x0000000000000000        0x0 arch/arm/lib/built-in.o
 .bss           0x0000000000000000        0x0 arch/arm/lib/built-in.o
 .text          0x0000000000000000        0x0 arch/arm/mach-imx/built-in.o
 .text.imx_iomux_set_gpr_register
                0x0000000000000000       0x3c arch/arm/mach-imx/built-in.o
 .text.set_dt_val
                0x0000000000000000       0x22 arch/arm/mach-imx/built-in.o
 .text.mxs_wait_mask_set
                0x0000000000000000       0x28 arch/arm/mach-imx/built-in.o
 .text.mxs_wait_mask_clr
                0x0000000000000000       0x26 arch/arm/mach-imx/built-in.o
 .text.mxs_reset_block
                0x0000000000000000       0x6c arch/arm/mach-imx/built-in.o
 .text.add_dt_path_subnode
                0x0000000000000000       0x22 arch/arm/mach-imx/built-in.o
 .text.add_res_mem_dt_node
                0x0000000000000000      0x134 arch/arm/mach-imx/built-in.o
 .text.cpu_mmc_init
                0x0000000000000000        0x4 arch/arm/mach-imx/built-in.o
 .text.set_chipselect_size
                0x0000000000000000       0x5c arch/arm/mach-imx/built-in.o
 .text.force_idle_bus
                0x0000000000000000      0x14c arch/arm/mach-imx/built-in.o
 .text.setup_i2c
                0x0000000000000000       0x74 arch/arm/mach-imx/built-in.o
 .text.init_src
                0x0000000000000000       0x18 arch/arm/mach-imx/built-in.o
 .text.imx_rdc_check_permission
                0x0000000000000000       0x30 arch/arm/mach-imx/built-in.o
 .text.imx_rdc_sema_lock
                0x0000000000000000       0x58 arch/arm/mach-imx/built-in.o
 .text.imx_rdc_sema_unlock
                0x0000000000000000       0x60 arch/arm/mach-imx/built-in.o
 .text.imx_rdc_setup_ma
                0x0000000000000000       0x1c arch/arm/mach-imx/built-in.o
 .text.imx_rdc_setup_masters
                0x0000000000000000       0x1e arch/arm/mach-imx/built-in.o
 .text.usec2ticks
                0x0000000000000000       0x48 arch/arm/mach-imx/built-in.o
 .text.imx_get_fecclk
                0x0000000000000000        0x6 arch/arm/mach-imx/built-in.o
 .text.set_clk_qspi
                0x0000000000000000       0x24 arch/arm/mach-imx/built-in.o
 .text.set_clk_nand
                0x0000000000000000       0x80 arch/arm/mach-imx/built-in.o
 .text.mxs_set_lcdclk
                0x0000000000000000      0x170 arch/arm/mach-imx/built-in.o
 .text.src_supported
                0x0000000000000000       0x34 arch/arm/mach-imx/built-in.o
 .text.clock_set_src
                0x0000000000000000       0x44 arch/arm/mach-imx/built-in.o
 .text.clock_set_prediv
                0x0000000000000000       0x58 arch/arm/mach-imx/built-in.o
 .text.clock_set_postdiv
[...]
Memory Configuration

Name             Origin             Length             Attributes
*default*        0x0000000000000000 0xffffffffffffffff

Linker script and memory map

Address of section .text set to 0x87800000

/DISCARD/
 *(.rel._secure*)
                0x0000000000000000                . = 0x0
                0x0000000000000000                . = ALIGN (0x4)

.text           0x0000000087800000      0x3a8
 *(.__image_copy_start)
 .__image_copy_start
                0x0000000087800000        0x0 arch/arm/lib/built-in.o
                0x0000000087800000                __image_copy_start
 *(.vectors)
 .vectors       0x0000000087800000      0x2e8 arch/arm/lib/built-in.o
                0x0000000087800000                _start
                0x0000000087800020                _undefined_instruction
                0x0000000087800024                _software_interrupt
                0x0000000087800028                _prefetch_abort
                0x000000008780002c                _data_abort
                0x0000000087800030                _not_used
                0x0000000087800034                _irq
                0x0000000087800038                _fiq
                0x0000000087800040                IRQ_STACK_START_IN
 arch/arm/cpu/armv7/start.o(.text*)
 .text          0x00000000878002e8       0xc0 arch/arm/cpu/armv7/start.o
                0x00000000878002e8                reset
                0x00000000878002ec                save_boot_params_ret
                0x0000000087800328                c_runtime_cpu_setup
                0x0000000087800338                save_boot_params
                0x000000008780033c                cpu_init_cp15
                0x000000008780039c                cpu_init_crit

.glue_7         0x00000000878003a8        0x0
 .glue_7        0x00000000878003a8        0x0 linker stubs

.glue_7t        0x00000000878003a8        0x0
 .glue_7t       0x00000000878003a8        0x0 linker stubs

.vfp11_veneer   0x00000000878003a8        0x0
 .vfp11_veneer  0x00000000878003a8        0x0 linker stubs

.v4_bx          0x00000000878003a8        0x0
 .v4_bx         0x00000000878003a8        0x0 linker stubs

.iplt           0x00000000878003a8        0x0
 .iplt          0x00000000878003a8        0x0 arch/arm/cpu/armv7/start.o

.__efi_runtime_start
                0x00000000878003a8        0x0
 *(.__efi_runtime_start)
 .__efi_runtime_start
                0x00000000878003a8        0x0 arch/arm/lib/built-in.o

.efi_runtime    0x00000000878003a8      0x7b0
 *(.text.efi_runtime*)
 .text.efi_runtime
                0x00000000878003a8      0x190 lib/built-in.o
                0x00000000878003a8                efi_reset_system
                0x00000000878003aa                efi_get_time
                0x00000000878003b4                efi_set_time
                0x00000000878003d4                efi_update_capsule
                0x00000000878003dc                efi_query_capsule_caps
                0x0000000087800468                efi_update_table_header_crc32
                0x0000000087800494                efi_query_variable_info
                0x000000008780049c                crc32_no_comp
                0x000000008780052c                crc32
 .text.efi_runtime_detach
                0x0000000087800538       0x24 lib/built-in.o
                0x0000000087800538                efi_runtime_detach
 .text.efi_runtime_relocate
                0x000000008780055c       0xd8 lib/built-in.o
                0x000000008780055c                efi_runtime_relocate
 *(.rodata.efi_runtime*)
 .rodata.efi_runtime_relocate.str1.1
                0x0000000087800634       0x4e lib/built-in.o
 *(.data.efi_runtime*)
 *fill*         0x0000000087800682        0x6 
 .data.efi_runtime
                0x0000000087800688      0x4c8 lib/built-in.o
                0x0000000087800688                efi_events
                0x0000000087800690                systab
                0x0000000087800700                efi_runtime_services
 .data.efi_runtime_mmio
                0x0000000087800b50        0x8 lib/built-in.o
                0x0000000087800b50                efi_runtime_mmio

.__efi_runtime_stop
                0x0000000087800b58        0x0
 *(.__efi_runtime_stop)
 .__efi_runtime_stop
                0x0000000087800b58        0x0 arch/arm/lib/built-in.o

.text_rest      0x0000000087800b60    0x40c88
 *(.text*)
 .text          0x0000000087800b60      0x168 arch/arm/cpu/armv7/built-in.o
                0x0000000087800b60                __v7_flush_dcache_all
                0x0000000087800bfc                v7_flush_dcache_all
                0x0000000087800c0c                __v7_invalidate_dcache_all
                0x0000000087800ca8                v7_invalidate_dcache_all
                0x0000000087800cb8                allow_unaligned
 .text.invalidate_icache_all
                0x0000000087800cc8       0x14 arch/arm/cpu/armv7/built-in.o
                0x0000000087800cc8                invalidate_icache_all
 .text.v7_outer_cache_enable
                0x0000000087800cdc        0x2 arch/arm/cpu/armv7/built-in.o
                0x0000000087800cdc                v7_outer_cache_enable
 .text.v7_outer_cache_disable
                0x0000000087800cde        0x2 arch/arm/cpu/armv7/built-in.o
                0x0000000087800cde                v7_outer_cache_disable
 .text.v7_outer_cache_flush_all
                0x0000000087800ce0        0x2 arch/arm/cpu/armv7/built-in.o
                0x0000000087800ce0                v7_outer_cache_flush_all
 .text.flush_dcache_all
                0x0000000087800ce2        0xe arch/arm/cpu/armv7/built-in.o
                0x0000000087800ce2                flush_dcache_all
 .text.v7_outer_cache_inval_all
                0x0000000087800cf0        0x2 arch/arm/cpu/armv7/built-in.o
                0x0000000087800cf0                v7_outer_cache_inval_all
 .text.invalidate_dcache_all
                0x0000000087800cf2        0xe arch/arm/cpu/armv7/built-in.o
                0x0000000087800cf2                invalidate_dcache_all
 .text.arm_init_before_mmu
                0x0000000087800d00       0x22 arch/arm/cpu/armv7/built-in.o
                0x0000000087800d00                arm_init_before_mmu
 .text.v7_outer_cache_flush_range
                0x0000000087800d22        0x2 arch/arm/cpu/armv7/built-in.o
                0x0000000087800d22                v7_outer_cache_flush_range
 .text.flush_dcache_range
                0x0000000087800d24       0x38 arch/arm/cpu/armv7/built-in.o
                0x0000000087800d24                flush_dcache_range
 .text.mmu_page_table_flush
                0x0000000087800d5c       0x1e arch/arm/cpu/armv7/built-in.o
                0x0000000087800d5c                mmu_page_table_flush
 .text.v7_outer_cache_inval_range
                0x0000000087800d7a        0x2 arch/arm/cpu/armv7/built-in.o
                0x0000000087800d7a                v7_outer_cache_inval_range
 .text.invalidate_dcache_range
                0x0000000087800d7c       0x42 arch/arm/cpu/armv7/built-in.o
                0x0000000087800d7c                invalidate_dcache_range
 .text.cpu_cache_initialization
                0x0000000087800dbe        0x2 arch/arm/cpu/armv7/built-in.o
                0x0000000087800dbe                cpu_cache_initialization
 .text.cleanup_before_linux_select
                0x0000000087800dc0       0x3e arch/arm/cpu/armv7/built-in.o
                0x0000000087800dc0                cleanup_before_linux_select
 .text.cleanup_before_linux
                0x0000000087800dfe        0x6 arch/arm/cpu/armv7/built-in.o
                0x0000000087800dfe                cleanup_before_linux
 .text.entry_non_secure
                0x0000000087800e04       0x14 arch/arm/cpu/armv7/built-in.o
 .text.switch_to_non_secure_mode
                0x0000000087800e18       0x4c arch/arm/cpu/armv7/built-in.o
                0x0000000087800e18                switch_to_non_secure_mode
 .text.lowlevel_init
                0x0000000087800e64       0x24 arch/arm/cpu/armv7/built-in.o
                0x0000000087800e64                lowlevel_init
 .text.get_gicd_base_address
                0x0000000087800e88       0x28 arch/arm/cpu/armv7/built-in.o
 .text.protect_secure_section
                0x0000000087800eb0        0x2 arch/arm/cpu/armv7/built-in.o
                0x0000000087800eb0                protect_secure_section
 .text.psci_board_init
                0x0000000087800eb2        0x2 arch/arm/cpu/armv7/built-in.o
                0x0000000087800eb2                psci_board_init
 .text.armv7_init_nonsec
                0x0000000087800eb4       0xa0 arch/arm/cpu/armv7/built-in.o
                0x0000000087800eb4                armv7_init_nonsec
 .text.armv7_apply_memory_carveout
                0x0000000087800f54        0x4 arch/arm/cpu/armv7/built-in.o
                0x0000000087800f54                armv7_apply_memory_carveout
 .text.psci_update_dt
                0x0000000087800f58       0x16 arch/arm/cpu/armv7/built-in.o
                0x0000000087800f58                psci_update_dt
 *fill*         0x0000000087800f6e       0x12 
 .text          0x0000000087800f80      0x424 arch/arm/lib/built-in.o
                0x0000000087800f80                _main
                0x0000000087801020                memset
                0x00000000878010c0                memcpy
 .text.setjmp   0x00000000878013a4       0x10 arch/arm/lib/built-in.o
                0x00000000878013a4                setjmp
 .text.longjmp  0x00000000878013b4       0x1c arch/arm/lib/built-in.o
                0x00000000878013b4                longjmp
 .text.relocate_vectors
                0x00000000878013d0       0x70 arch/arm/lib/built-in.o
                0x00000000878013d0                relocate_vectors
                0x00000000878013dc                relocate_code
 .text.arch_fixup_fdt
                0x0000000087801440       0x38 arch/arm/lib/built-in.o
                0x0000000087801440                arch_fixup_fdt
 .text.arch_lmb_reserve
                0x0000000087801478       0x34 arch/arm/lib/built-in.o
                0x0000000087801478                arch_lmb_reserve
 .text.board_quiesce_devices
                0x00000000878014ac        0x2 arch/arm/lib/built-in.o
                0x00000000878014ac                board_quiesce_devices
 .text.setup_board_tags
                0x00000000878014ae        0x2 arch/arm/lib/built-in.o
                0x00000000878014ae                setup_board_tags
 .text.board_prep_linux
                0x00000000878014b0        0x2 arch/arm/lib/built-in.o
                0x00000000878014b0                board_prep_linux
 *fill*         0x00000000878014b2        0x2 
 .text.boot_prep_linux
                0x00000000878014b4       0x9c arch/arm/lib/built-in.o
 .text.armv7_boot_nonsec_default
                0x0000000087801550        0x4 arch/arm/lib/built-in.o
                0x0000000087801550                armv7_boot_nonsec_default
 .text.armv7_boot_nonsec
                0x0000000087801554       0x40 arch/arm/lib/built-in.o
                0x0000000087801554                armv7_boot_nonsec
 .text.boot_jump_linux
                0x0000000087801594       0xac arch/arm/lib/built-in.o
 .text.do_bootm_linux
                0x0000000087801640       0x44 arch/arm/lib/built-in.o
                0x0000000087801640                do_bootm_linux
 .text.boot_prep_vxworks
                0x0000000087801684       0x30 arch/arm/lib/built-in.o
                0x0000000087801684                boot_prep_vxworks
 .text.boot_jump_vxworks
                0x00000000878016b4        0x6 arch/arm/lib/built-in.o
                0x00000000878016b4                boot_jump_vxworks
 *fill*         0x00000000878016ba        0x2 
 .text.bootz_setup
                0x00000000878016bc       0x90 arch/arm/lib/built-in.o
                0x00000000878016bc                bootz_setup
 .text.arch_reserve_stacks
                0x000000008780174c       0x16 arch/arm/lib/built-in.o
                0x000000008780174c                arch_reserve_stacks
 .text.show_efi_loaded_images.isra.0
                0x0000000087801762        0x4 arch/arm/lib/built-in.o
 *fill*         0x0000000087801766        0x2 
 .text.interrupt_init
                0x0000000087801768       0x14 arch/arm/lib/built-in.o
                0x0000000087801768                interrupt_init
 .text.enable_interrupts
                0x000000008780177c        0x2 arch/arm/lib/built-in.o
                0x000000008780177c                enable_interrupts
 .text.disable_interrupts
                0x000000008780177e        0x4 arch/arm/lib/built-in.o
                0x000000008780177e                disable_interrupts
 *fill*         0x0000000087801782        0x2 
 .text.bad_mode
                0x0000000087801784        0xc arch/arm/lib/built-in.o
                0x0000000087801784                bad_mode
 .text.show_regs
                0x0000000087801790      0x184 arch/arm/lib/built-in.o
                0x0000000087801790                show_regs
 .text.do_undefined_instruction
                0x0000000087801914       0x28 arch/arm/lib/built-in.o
                0x0000000087801914                do_undefined_instruction
 .text.do_software_interrupt
                0x000000008780193c       0x28 arch/arm/lib/built-in.o
                0x000000008780193c                do_software_interrupt
 .text.do_prefetch_abort
                0x0000000087801964       0x28 arch/arm/lib/built-in.o
                0x0000000087801964                do_prefetch_abort
 .text.do_data_abort
                0x000000008780198c       0x28 arch/arm/lib/built-in.o
                0x000000008780198c                do_data_abort
 .text.do_not_used
                0x00000000878019b4       0x28 arch/arm/lib/built-in.o
                0x00000000878019b4                do_not_used
 .text.do_fiq   0x00000000878019dc       0x28 arch/arm/lib/built-in.o
                0x00000000878019dc                do_fiq
 .text.do_irq   0x0000000087801a04       0x28 arch/arm/lib/built-in.o
                0x0000000087801a04                do_irq
 .text.do_reset
                0x0000000087801a2c       0x28 arch/arm/lib/built-in.o
                0x0000000087801a2c                do_reset
 .text.flush_cache
                0x0000000087801a54        0x6 arch/arm/lib/built-in.o
                0x0000000087801a54                flush_cache
 *fill*         0x0000000087801a5a        0x2 
 .text.check_cache_range
                0x0000000087801a5c       0x20 arch/arm/lib/built-in.o
                0x0000000087801a5c                check_cache_range
 .text.cache_disable
                0x0000000087801a7c       0x3c arch/arm/lib/built-in.o
 .text.set_section_dcache
                0x0000000087801ab8       0x12 arch/arm/lib/built-in.o
                0x0000000087801ab8                set_section_dcache
 .text.mmu_set_region_dcache_behaviour
                0x0000000087801aca       0x3e arch/arm/lib/built-in.o
                0x0000000087801aca                mmu_set_region_dcache_behaviour
 .text.icache_enable
                0x0000000087801b08       0x12 arch/arm/lib/built-in.o
                0x0000000087801b08                icache_enable
 .text.icache_disable
                0x0000000087801b1a        0x8 arch/arm/lib/built-in.o
                0x0000000087801b1a                icache_disable
 .text.icache_status
                0x0000000087801b22        0xa arch/arm/lib/built-in.o
                0x0000000087801b22                icache_status
 .text.dcache_enable
                0x0000000087801b2c       0x6e arch/arm/lib/built-in.o
                0x0000000087801b2c                dcache_enable
 .text.dcache_disable
                0x0000000087801b9a        0x6 arch/arm/lib/built-in.o
                0x0000000087801b9a                dcache_disable
 .text.dcache_status
                0x0000000087801ba0        0xa arch/arm/lib/built-in.o
                0x0000000087801ba0                dcache_status
 *fill*         0x0000000087801baa        0x2 
 .text.fdt_psci
                0x0000000087801bac      0x140 arch/arm/lib/built-in.o
                0x0000000087801bac                fdt_psci
 .text.imx_iomux_v3_setup_pad
                0x0000000087801cec       0xb8 arch/arm/mach-imx/built-in.o
                0x0000000087801cec                imx_iomux_v3_setup_pad
 .text.imx_iomux_v3_setup_multiple_pads
                0x0000000087801da4       0x1a arch/arm/mach-imx/built-in.o
                0x0000000087801da4                imx_iomux_v3_setup_multiple_pads
 .text.board_lmb_reserve
                0x0000000087801dbe       0x2a arch/arm/mach-imx/built-in.o
                0x0000000087801dbe                board_lmb_reserve
 .text.configure_tzc380
                0x0000000087801de8       0x20 arch/arm/mach-imx/built-in.o
                0x0000000087801de8                configure_tzc380
 .text.imx_sec_init
                0x0000000087801e08        0x4 arch/arm/mach-imx/built-in.o
                0x0000000087801e08                imx_sec_init
 .text.get_imx_reset_cause
                0x0000000087801e0c       0x20 arch/arm/mach-imx/built-in.o
                0x0000000087801e0c                get_imx_reset_cause
 .text.get_reset_cause
                0x0000000087801e2c       0x9c arch/arm/mach-imx/built-in.o
 .text.get_reboot_reason
                0x0000000087801ec8       0x28 arch/arm/mach-imx/built-in.o
                0x0000000087801ec8                get_reboot_reason
 .text.get_imx_type
                0x0000000087801ef0      0x284 arch/arm/mach-imx/built-in.o
                0x0000000087801ef0                get_imx_type
 .text.cpu_eth_init
                0x0000000087802174        0x6 arch/arm/mach-imx/built-in.o
                0x0000000087802174                cpu_eth_init
 .text.arch_preboot_os
                0x000000008780217a        0x2 arch/arm/mach-imx/built-in.o
                0x000000008780217a                arch_preboot_os
 .text.get_cpu_speed_grade_hz
                0x000000008780217c      0x220 arch/arm/mach-imx/built-in.o
                0x000000008780217c                get_cpu_speed_grade_hz
 .text.get_cpu_temp_grade
                0x000000008780239c       0x90 arch/arm/mach-imx/built-in.o
                0x000000008780239c                get_cpu_temp_grade
 .text.print_cpuinfo
                0x000000008780242c       0xf8 arch/arm/mach-imx/built-in.o
                0x000000008780242c                print_cpuinfo
 .text.get_boot_device
                0x0000000087802524       0x44 arch/arm/mach-imx/built-in.o
                0x0000000087802524                get_boot_device
 .text.board_mmc_get_env_dev
                0x0000000087802568        0x2 arch/arm/mach-imx/built-in.o
                0x0000000087802568                board_mmc_get_env_dev
 *fill*         0x000000008780256a        0x2 
 .text.mmc_get_env_dev
                0x000000008780256c       0x20 arch/arm/mach-imx/built-in.o
                0x000000008780256c                mmc_get_env_dev
 .text.enable_caches
                0x000000008780258c       0x50 arch/arm/mach-imx/built-in.o
                0x000000008780258c                enable_caches
 .text.dram_bank_mmu_setup
                0x00000000878025dc       0x2a arch/arm/mach-imx/built-in.o
                0x00000000878025dc                dram_bank_mmu_setup
 .text.arm_init_domains
                0x0000000087802606       0x16 arch/arm/mach-imx/built-in.o
                0x0000000087802606                arm_init_domains
 .text.init_aips
                0x000000008780261c       0xd4 arch/arm/mach-imx/built-in.o
                0x000000008780261c                init_aips
 .text.imx_wdog_disable_powerdown
                0x00000000878026f0       0x78 arch/arm/mach-imx/built-in.o
                0x00000000878026f0                imx_wdog_disable_powerdown
 .text.imx_rdc_setup_peri
                0x0000000087802768       0x48 arch/arm/mach-imx/built-in.o
                0x0000000087802768                imx_rdc_setup_peri
 .text.imx_rdc_setup_peripherals
                0x00000000878027b0       0x20 arch/arm/mach-imx/built-in.o
                0x00000000878027b0                imx_rdc_setup_peripherals
 .text.arch_auxiliary_core_up
                0x00000000878027d0       0xec arch/arm/mach-imx/built-in.o
                0x00000000878027d0                arch_auxiliary_core_up
 .text.arch_auxiliary_core_check_up
                0x00000000878028bc       0x14 arch/arm/mach-imx/built-in.o
                0x00000000878028bc                arch_auxiliary_core_check_up
 .text.do_bootaux
                0x00000000878028d0       0x58 arch/arm/mach-imx/built-in.o
 .text.timer_init
                0x0000000087802928       0x3c arch/arm/mach-imx/built-in.o
                0x0000000087802928                timer_init
 .text.get_ticks
                0x0000000087802964       0x12 arch/arm/mach-imx/built-in.o
                0x0000000087802964                get_ticks
 .text.get_timer
                0x0000000087802976       0x36 arch/arm/mach-imx/built-in.o
                0x0000000087802976                get_timer
 .text.__udelay
                0x00000000878029ac       0x7c arch/arm/mach-imx/built-in.o
                0x00000000878029ac                __udelay
 .text.get_tbclk
                0x0000000087802a28        0x6 arch/arm/mach-imx/built-in.o
                0x0000000087802a28                get_tbclk
 *fill*         0x0000000087802a2e        0x2 
 .text.get_cpu_rev
                0x0000000087802a30       0x30 arch/arm/mach-imx/built-in.o
                0x0000000087802a30                get_cpu_rev
 .text.is_usb_boot
                0x0000000087802a60        0x8 arch/arm/mach-imx/built-in.o
                0x0000000087802a60                is_usb_boot
 .text.arch_cpu_init
                0x0000000087802a68      0x224 arch/arm/mach-imx/built-in.o
                0x0000000087802a68                arch_cpu_init
 .text.arch_misc_init
                0x0000000087802c8c        0x4 arch/arm/mach-imx/built-in.o
                0x0000000087802c8c                arch_misc_init
 .text.get_board_serial
                0x0000000087802c90       0x14 arch/arm/mach-imx/built-in.o
                0x0000000087802c90                get_board_serial
 .text.set_wdog_reset
                0x0000000087802ca4       0x1a arch/arm/mach-imx/built-in.o
                0x0000000087802ca4                set_wdog_reset
 .text.s_init   0x0000000087802cbe        0x4 arch/arm/mach-imx/built-in.o
                0x0000000087802cbe                s_init
 .text.reset_misc
                0x0000000087802cc2        0x2 arch/arm/mach-imx/built-in.o
                0x0000000087802cc2                reset_misc
 .text.reset_cpu
                0x0000000087802cc4       0x10 arch/arm/mach-imx/built-in.o
                0x0000000087802cc4                reset_cpu
 .text.enable_usboh3_clk.part.0
                0x0000000087802cd4       0x38 arch/arm/mach-imx/built-in.o
 .text.mxc_get_pll_ddr_derive
                0x0000000087802d0c       0x70 arch/arm/mach-imx/built-in.o
 .text.enable_ocotp_clk
                0x0000000087802d7c        0xc arch/arm/mach-imx/built-in.o
                0x0000000087802d7c                enable_ocotp_clk
 .text.enable_thermal_clk
                0x0000000087802d88        0x6 arch/arm/mach-imx/built-in.o
                0x0000000087802d88                enable_thermal_clk
 .text.enable_usboh3_clk
                0x0000000087802d8e       0x32 arch/arm/mach-imx/built-in.o
                0x0000000087802d8e                enable_usboh3_clk
 .text.get_root_clk
                0x0000000087802dc0      0x2e0 arch/arm/mach-imx/built-in.o
                0x0000000087802dc0                get_root_clk
 .text.get_ahb_clk
                0x00000000878030a0        0x6 arch/arm/mach-imx/built-in.o
                0x00000000878030a0                get_ahb_clk
 .text.imx_get_uartclk
                0x00000000878030a6        0x6 arch/arm/mach-imx/built-in.o
                0x00000000878030a6                imx_get_uartclk
 .text.get_ddrc_clk
                0x00000000878030ac       0x38 arch/arm/mach-imx/built-in.o
 .text.get_clocks
                0x00000000878030e4       0x12 arch/arm/mach-imx/built-in.o
                0x00000000878030e4                get_clocks
 *fill*         0x00000000878030f6        0x2 
 .text.do_mx7_showclocks
                0x00000000878030f8      0x178 arch/arm/mach-imx/built-in.o
                0x00000000878030f8                do_mx7_showclocks
 .text.mxc_get_clock
                0x0000000087803270       0x60 arch/arm/mach-imx/built-in.o
                0x0000000087803270                mxc_get_clock
 .text.enable_i2c_clk
                0x00000000878032d0       0x3c arch/arm/mach-imx/built-in.o
                0x00000000878032d0                enable_i2c_clk
 .text.clock_init
                0x000000008780330c      0x218 arch/arm/mach-imx/built-in.o
                0x000000008780330c                clock_init
 .text.select   0x0000000087803524       0x20 arch/arm/mach-imx/built-in.o
 .text.clock_get_src
                0x0000000087803544       0x40 arch/arm/mach-imx/built-in.o
                0x0000000087803544                clock_get_src
 .text.clock_get_prediv
                0x0000000087803584       0x4c arch/arm/mach-imx/built-in.o
                0x0000000087803584                clock_get_prediv
 .text.clock_get_postdiv
                0x00000000878035d0       0x3c arch/arm/mach-imx/built-in.o
                0x00000000878035d0                clock_get_postdiv
 .text.clock_get_autopostdiv
                0x000000008780360c       0x54 arch/arm/mach-imx/built-in.o
                0x000000008780360c                clock_get_autopostdiv
 .text.clock_set_target_val
                0x0000000087803660       0x20 arch/arm/mach-imx/built-in.o
                0x0000000087803660                clock_set_target_val
 .text.clock_root_enabled
                0x0000000087803680       0x2c arch/arm/mach-imx/built-in.o
                0x0000000087803680                clock_root_enabled
 .text.clock_enable
                0x00000000878036ac       0x34 arch/arm/mach-imx/built-in.o
                0x00000000878036ac                clock_enable
 .text.init_snvs
                0x00000000878036e0       0x18 arch/arm/mach-imx/built-in.o
                0x00000000878036e0                init_snvs
 .text.mmc_map_to_kernel_blk
                0x00000000878036f8        0x2 board/freescale/common/built-in.o
                0x00000000878036f8                mmc_map_to_kernel_blk
 *fill*         0x00000000878036fa        0x2 
 .text.board_late_mmc_env_init
                0x00000000878036fc       0x6c board/freescale/common/built-in.o
                0x00000000878036fc                board_late_mmc_env_init
 .text.mx7sabre_rev.part.0
                0x0000000087803768       0x16 board/freescale/mx7dsabresd/built-in.o
 .text.dram_init
                0x000000008780377e        0xc board/freescale/mx7dsabresd/built-in.o
                0x000000008780377e                dram_init
 .text.board_get_usable_ram_top
                0x000000008780378a        0xa board/freescale/mx7dsabresd/built-in.o
                0x000000008780378a                board_get_usable_ram_top
 .text.board_early_init_f
                0x0000000087803794       0x14 board/freescale/mx7dsabresd/built-in.o
                0x0000000087803794                board_early_init_f
 .text.board_init
                0x00000000878037a8       0x24 board/freescale/mx7dsabresd/built-in.o
                0x00000000878037a8                board_init
 .text.power_init_board
                0x00000000878037cc       0xac board/freescale/mx7dsabresd/built-in.o
                0x00000000878037cc                power_init_board
 .text.board_late_init
                0x0000000087803878       0x40 board/freescale/mx7dsabresd/built-in.o
                0x0000000087803878                board_late_init
 .text.checkboard
                0x00000000878038b8       0x30 board/freescale/mx7dsabresd/built-in.o
                0x00000000878038b8                checkboard
 .text.do_go_exec
                0x00000000878038e8        0x8 cmd/built-in.o
                0x00000000878038e8                do_go_exec
 .text.do_go    0x00000000878038f0       0x4c cmd/built-in.o
 .text.do_bootm
                0x000000008780393c       0xa0 cmd/built-in.o
                0x000000008780393c                do_bootm
 .text.do_bootd
                0x00000000878039dc       0x18 cmd/built-in.o
                0x00000000878039dc                do_bootd
 .text.image_info
                0x00000000878039f4       0xa4 cmd/built-in.o
 .text.do_iminfo
                0x0000000087803a98       0x40 cmd/built-in.o
 .text.bootm_maybe_autostart
                0x0000000087803ad8       0x4c cmd/built-in.o
                0x0000000087803ad8                bootm_maybe_autostart
 .text.do_help  0x0000000087803b24       0x2c cmd/built-in.o
 .text.do_version
                0x0000000087803b50       0x30 cmd/built-in.o
 .text.blk_common_cmd
                0x0000000087803b80      0x200 cmd/built-in.o
                0x0000000087803b80                blk_common_cmd
 .text.image_source_script
                0x0000000087803d80       0x90 cmd/built-in.o
                0x0000000087803d80                image_source_script
 .text.do_source
                0x0000000087803e10       0x34 cmd/built-in.o
 .text.print_num
                0x0000000087803e44       0x10 cmd/built-in.o
 .text.do_bdinfo
                0x0000000087803e54      0x148 cmd/built-in.o
 .text.do_blkcache
                0x0000000087803f9c       0x3c cmd/built-in.o
 .text.blkc_configure
                0x0000000087803fd8       0x40 cmd/built-in.o
 .text.blkc_show
                0x0000000087804018       0x28 cmd/built-in.o
 .text.efi_reserve_memory
                0x0000000087804040       0x50 cmd/built-in.o
 .text.do_bootefi_exec
                0x0000000087804090      0x138 cmd/built-in.o
 .text.efi_install_fdt
                0x00000000878041c8      0x228 cmd/built-in.o
                0x00000000878041c8                efi_install_fdt
 .text.efi_run_image
                0x00000000878043f0       0x98 cmd/built-in.o
                0x00000000878043f0                efi_run_image
 .text.do_bootefi
                0x0000000087804488       0xb0 cmd/built-in.o
 .text.efi_set_bootdev
                0x0000000087804538       0x64 cmd/built-in.o
                0x0000000087804538                efi_set_bootdev
 .text.do_bootz
                0x000000008780459c       0x9c cmd/built-in.o
                0x000000008780459c                do_bootz
 .text.parse_argv
                0x0000000087804638       0x3c cmd/built-in.o
 .text.do_icache
                0x0000000087804674       0x5c cmd/built-in.o
 .text.do_dcache
                0x00000000878046d0       0x5c cmd/built-in.o
 .text.do_coninfo
                0x000000008780472c       0x94 cmd/built-in.o
 .text.do_dm_dump_devres
                0x00000000878047c0        0x4 cmd/built-in.o
 .text.do_dm    0x00000000878047c4       0x44 cmd/built-in.o
 .text.do_dm_dump_drivers
                0x0000000087804808        0xa cmd/built-in.o
 .text.do_dm_dump_uclass
                0x0000000087804812        0xa cmd/built-in.o
 .text.do_dm_dump_all
                0x000000008780481c        0xa cmd/built-in.o
 *fill*         0x0000000087804826        0x2 
 .text.do_echo  0x0000000087804828       0x80 cmd/built-in.o
 .text.load_elf_image_phdr
                0x00000000878048a8       0xc4 cmd/built-in.o
 .text.valid_elf_image
                0x000000008780496c       0x30 cmd/built-in.o
                0x000000008780496c                valid_elf_image
 .text.do_bootelf
                0x000000008780499c      0x198 cmd/built-in.o
                0x000000008780499c                do_bootelf
 .text.do_bootvx
                0x0000000087804b34      0x230 cmd/built-in.o
                0x0000000087804b34                do_bootvx
 .text.do_exit  0x0000000087804d64       0x20 cmd/built-in.o
 .text.do_ext4_size
                0x0000000087804d84        0xe cmd/built-in.o
                0x0000000087804d84                do_ext4_size
 .text.do_ext4_load
                0x0000000087804d92        0xe cmd/built-in.o
                0x0000000087804d92                do_ext4_load
 .text.do_ext4_ls
                0x0000000087804da0        0xe cmd/built-in.o
                0x0000000087804da0                do_ext4_ls
 .text.do_ext4_write
                0x0000000087804dae        0xe cmd/built-in.o
                0x0000000087804dae                do_ext4_write
 .text.do_ext2load
                0x0000000087804dbc        0xe cmd/built-in.o
                0x0000000087804dbc                do_ext2load
 .text.do_ext2ls
                0x0000000087804dca        0xe cmd/built-in.o
 .text.do_fat_size
                0x0000000087804dd8        0xe cmd/built-in.o
                0x0000000087804dd8                do_fat_size
 .text.do_fat_fsload
                0x0000000087804de6        0xe cmd/built-in.o
                0x0000000087804de6                do_fat_fsload
 .text.do_fat_ls
                0x0000000087804df4        0xe cmd/built-in.o
 *fill*         0x0000000087804e02        0x2 
 .text.do_fat_fsinfo
                0x0000000087804e04       0x54 cmd/built-in.o
 .text.do_fat_fswrite
                0x0000000087804e58       0xd4 cmd/built-in.o
 .text.do_fat_rm
                0x0000000087804f2c        0xe cmd/built-in.o
 .text.do_fat_mkdir
                0x0000000087804f3a        0xe cmd/built-in.o
 .text.fdt_valid
                0x0000000087804f48       0x74 cmd/built-in.o
 .text.is_printable_string
                0x0000000087804fbc       0x4c cmd/built-in.o
 .text.print_data.part.0
                0x0000000087805008       0xfc cmd/built-in.o
 .text.set_working_fdt_addr
                0x0000000087805104       0x14 cmd/built-in.o
                0x0000000087805104                set_working_fdt_addr
 .text.do_fdt   0x0000000087805118      0xa18 cmd/built-in.o
 .text.strtou32
                0x0000000087805b30       0x2c cmd/built-in.o
 .text.do_fuse  0x0000000087805b5c      0x238 cmd/built-in.o
 .text.gpio_get_description
                0x0000000087805d94       0x84 cmd/built-in.o
 .text.do_gpio  0x0000000087805e18      0x24c cmd/built-in.o
 .text.do_i2c   0x0000000087806064       0x3c cmd/built-in.o
 .text.i2c_get_cur_bus
                0x00000000878060a0       0x24 cmd/built-in.o
 .text.do_i2c_bus_speed
                0x00000000878060c4       0x64 cmd/built-in.o
 .text.do_i2c_reset
                0x0000000087806128       0x24 cmd/built-in.o
 .text.i2c_get_cur_bus_chip
                0x000000008780614c       0x1e cmd/built-in.o
 *fill*         0x000000008780616a        0x2 
 .text.do_i2c_probe
                0x000000008780616c       0x74 cmd/built-in.o
 .text.do_i2c_bus_num
                0x00000000878061e0       0x70 cmd/built-in.o
 .text.show_bus
                0x0000000087806250       0x64 cmd/built-in.o
 .text.do_i2c_olen
                0x00000000878062b4       0x74 cmd/built-in.o
 .text.do_i2c_flags
                0x0000000087806328       0x78 cmd/built-in.o
 .text.do_i2c_show_bus
                0x00000000878063a0       0x6c cmd/built-in.o
 .text.get_alen.constprop.0
                0x000000008780640c       0x1e cmd/built-in.o
 *fill*         0x000000008780642a        0x2 
 .text.mod_i2c_mem.part.0
                0x000000008780642c      0x158 cmd/built-in.o
 .text.do_i2c_nm
                0x0000000087806584       0x12 cmd/built-in.o
 .text.do_i2c_mm
                0x0000000087806596       0x12 cmd/built-in.o
 .text.do_i2c_md
                0x00000000878065a8      0x164 cmd/built-in.o
 .text.do_i2c_read
                0x000000008780670c       0x90 cmd/built-in.o
 .text.do_i2c_mw
                0x000000008780679c       0xbc cmd/built-in.o
 .text.do_i2c_write
                0x0000000087806858      0x108 cmd/built-in.o
 .text.do_i2c_crc
                0x0000000087806960       0xe0 cmd/built-in.o
 .text.do_i2c_loop
                0x0000000087806a40       0xc0 cmd/built-in.o
 .text.evalexp  0x0000000087806b00       0x4c cmd/built-in.o
 .text.evalstr  0x0000000087806b4c       0x3c cmd/built-in.o
 .text.binary_test
                0x0000000087806b88       0xf4 cmd/built-in.o
 .text.do_itest
                0x0000000087806c7c       0x4c cmd/built-in.o
 .text.bin_data_init
                0x0000000087806cc8       0x1c cmd/built-in.o
 .text.k_data_save
                0x0000000087806ce4       0x34 cmd/built-in.o
 .text.k_data_restore
                0x0000000087806d18       0x34 cmd/built-in.o
 .text.getcxmodem
                0x0000000087806d4c       0x16 cmd/built-in.o
 *fill*         0x0000000087806d62        0x2 
 .text.bin_data_char
                0x0000000087806d64       0x1c cmd/built-in.o
 .text.chk1.constprop.0
                0x0000000087806d80       0x20 cmd/built-in.o
 .text.s1_sendpacket.constprop.0
                0x0000000087806da0       0x34 cmd/built-in.o
 .text.load_serial
                0x0000000087806dd4      0x124 cmd/built-in.o
 .text.do_load_serial
                0x0000000087806ef8       0x8c cmd/built-in.o
 .text.load_serial_ymodem.isra.0
                0x0000000087806f84       0x8c cmd/built-in.o
 .text.do_load_serial_bin
                0x0000000087807010      0x518 cmd/built-in.o
 .text.do_mem_md
                0x0000000087807528       0xa0 cmd/built-in.o
 .text.do_mem_base
                0x00000000878075c8       0x28 cmd/built-in.o
 .text.do_mem_crc
                0x00000000878075f0       0x2c cmd/built-in.o
 .text.do_mem_mtest
                0x000000008780761c      0x160 cmd/built-in.o
 .text.do_mem_mw
                0x000000008780777c       0x78 cmd/built-in.o
 .text.do_mem_loop
                0x00000000878077f4       0x82 cmd/built-in.o
 *fill*         0x0000000087807876        0x2 
 .text.do_mem_cmp
                0x0000000087807878       0xe8 cmd/built-in.o
 .text.mod_mem.part.0
                0x0000000087807960       0xec cmd/built-in.o
 .text.do_mem_mm
                0x0000000087807a4c       0x12 cmd/built-in.o
 .text.do_mem_nm
                0x0000000087807a5e       0x12 cmd/built-in.o
 .text.do_mem_cp
                0x0000000087807a70       0x70 cmd/built-in.o
 .text.do_random
                0x0000000087807ae0       0xa0 cmd/built-in.o
 .text.extract_range
                0x0000000087807b80       0x30 cmd/built-in.o
 .text.dump_field
                0x0000000087807bb0       0x3c cmd/built-in.o
 .text.do_mii   0x0000000087807bec      0x5b4 cmd/built-in.o
 .text.do_sleep
                0x00000000878081a0       0x88 cmd/built-in.o
 .text.do_mmcops
                0x0000000087808228       0x84 cmd/built-in.o
 .text.do_mmc_setdsr
                0x00000000878082ac       0x70 cmd/built-in.o
 .text.init_mmc_device
                0x000000008780831c       0x48 cmd/built-in.o
 .text.do_mmc_rst_func
                0x0000000087808364       0x5c cmd/built-in.o
 .text.do_mmc_rescan
                0x00000000878083c0       0x18 cmd/built-in.o
 .text.do_mmc_partconf
                0x00000000878083d8       0xa4 cmd/built-in.o
 .text.do_mmc_bootbus
                0x000000008780847c       0x70 cmd/built-in.o
 .text.do_mmc_hwpartition
                0x00000000878084ec      0x3a0 cmd/built-in.o
 .text.do_mmc_list
                0x000000008780888c        0xc cmd/built-in.o
 .text.do_mmc_dev
                0x0000000087808898       0xc4 cmd/built-in.o
 .text.do_mmcinfo
                0x000000008780895c      0x2c0 cmd/built-in.o
 .text.do_mmc_boot_resize
                0x0000000087808c1c       0x80 cmd/built-in.o
 .text.do_mmc_part
                0x0000000087808c9c       0x38 cmd/built-in.o
 .text.do_mmc_erase
                0x0000000087808cd4       0x9c cmd/built-in.o
 .text.do_mmc_write
                0x0000000087808d70       0xb0 cmd/built-in.o
 .text.do_mmc_read
                0x0000000087808e20       0x9c cmd/built-in.o
 .text.netboot_common
                0x0000000087808ebc      0x1d4 cmd/built-in.o
 .text.do_bootp
                0x0000000087809090        0x8 cmd/built-in.o
 .text.do_dhcp  0x0000000087809098        0x8 cmd/built-in.o
 .text.do_nfs   0x00000000878090a0        0x8 cmd/built-in.o
 .text.do_tftpb
                0x00000000878090a8       0x26 cmd/built-in.o
                0x00000000878090a8                do_tftpb
 *fill*         0x00000000878090ce        0x2 
 .text.do_ping  0x00000000878090d0       0x48 cmd/built-in.o
 .text.do_pinmux
                0x0000000087809118       0x40 cmd/built-in.o
 .text.do_list  0x0000000087809158      0x158 cmd/built-in.o
 .text.show_pinmux
                0x00000000878092b0       0x90 cmd/built-in.o
 .text.do_status
                0x0000000087809340      0x254 cmd/built-in.o
 .text.do_dev   0x0000000087809594      0x120 cmd/built-in.o
 .text.do_raw_read
                0x00000000878096b4       0xd4 cmd/built-in.o
                0x00000000878096b4                do_raw_read
 .text.substitute
                0x0000000087809788       0x90 cmd/built-in.o
 .text.get_arg  0x0000000087809818       0x34 cmd/built-in.o
 .text.regex_sub.part.0
                0x000000008780984c      0x20c cmd/built-in.o
 .text.do_setexpr
                0x0000000087809a58       0xf0 cmd/built-in.o
 .text.do_false
                0x0000000087809b48        0x4 cmd/built-in.o
 .text.do_true  0x0000000087809b4c        0x4 cmd/built-in.o
 .text.do_test  0x0000000087809b50      0x200 cmd/built-in.o
 .text.usb_get_class_desc
                0x0000000087809d50       0x74 cmd/built-in.o
 .text.usb_display_class_sub
                0x0000000087809dc4       0xf8 cmd/built-in.o
 .text.usb_display_desc
                0x0000000087809ebc       0xf8 cmd/built-in.o
 .text.usb_show_tree_graph
                0x0000000087809fb4      0x178 cmd/built-in.o
 .text.usb_show_subtree
                0x000000008780a12c       0x1c cmd/built-in.o
 .text.usb_for_each_root_dev
                0x000000008780a148       0x3c cmd/built-in.o
 .text.usb_display_string
                0x000000008780a184       0x2c cmd/built-in.o
 .text.usb_display_config
                0x000000008780a1b0      0x1ac cmd/built-in.o
 .text.usb_show_info
                0x000000008780a35c       0x4a cmd/built-in.o
 .text.usb_find_device
                0x000000008780a3a6       0x64 cmd/built-in.o
 *fill*         0x000000008780a40a        0x2 
 .text.do_usbboot
                0x000000008780a40c        0xc cmd/built-in.o
 .text.do_usb_start
                0x000000008780a418       0x20 cmd/built-in.o
 .text.usb_show_tree
                0x000000008780a438        0xc cmd/built-in.o
                0x000000008780a438                usb_show_tree
 .text.do_usb   0x000000008780a444      0x294 cmd/built-in.o
 .text.common_diskboot
                0x000000008780a6d8      0x174 cmd/built-in.o
                0x000000008780a6d8                common_diskboot
 .text.do_fastboot
                0x000000008780a84c      0x148 cmd/built-in.o
 .text.ums_fini
                0x000000008780a994       0x34 cmd/built-in.o
 .text.ums_write_sector
                0x000000008780a9c8        0xe cmd/built-in.o
 .text.ums_read_sector
                0x000000008780a9d6        0xe cmd/built-in.o
 .text.do_usb_mass_storage
                0x000000008780a9e4      0x234 cmd/built-in.o
 .text.do_dfu   0x000000008780ac18       0x60 cmd/built-in.o
 .text.del_gpt_info
                0x000000008780ac78       0x28 cmd/built-in.o
 .text.extract_val
                0x000000008780aca0       0x58 cmd/built-in.o
 .text.calc_parts_list_len
                0x000000008780acf8       0x54 cmd/built-in.o
 .text.extract_env
                0x000000008780ad4c       0xa0 cmd/built-in.o
 .text.get_gpt_info
                0x000000008780adec       0xc4 cmd/built-in.o
 .text.create_gpt_partitions_list.constprop.0
                0x000000008780aeb0       0xd0 cmd/built-in.o
 .text.set_gpt_info
                0x000000008780af80      0x2e8 cmd/built-in.o
 .text.print_gpt_info
                0x000000008780b268       0xb4 cmd/built-in.o
 .text.do_gpt   0x000000008780b31c      0x470 cmd/built-in.o
 .text.do_pmic  0x000000008780b78c       0x40 cmd/built-in.o
 .text.failure  0x000000008780b7cc       0x38 cmd/built-in.o
 .text.do_write
                0x000000008780b804       0x7c cmd/built-in.o
 .text.do_read  0x000000008780b880       0x9c cmd/built-in.o
 .text.do_dump  0x000000008780b91c       0xd8 cmd/built-in.o
 .text.do_regulator
                0x000000008780b9f4       0x40 cmd/built-in.o
 .text.curr_dev_and_platdata
                0x000000008780ba34       0x58 cmd/built-in.o
 .text.do_disable
                0x000000008780ba8c       0x38 cmd/built-in.o
 .text.do_enable
                0x000000008780bac4       0x38 cmd/built-in.o
 .text.do_mode  0x000000008780bafc       0x78 cmd/built-in.o
 .text.do_current
                0x000000008780bb74       0x98 cmd/built-in.o
 .text.do_value
                0x000000008780bc0c       0xbc cmd/built-in.o
 .text.constraint.isra.0
                0x000000008780bcc8       0x50 cmd/built-in.o
 .text.do_info  0x000000008780bd18      0x12c cmd/built-in.o
 .text.do_env_delete
                0x000000008780be44       0x6c cmd/built-in.o
 .text.do_env_save
                0x000000008780beb0        0xe cmd/built-in.o
 *fill*         0x000000008780bebe        0x2 
 .text.do_env   0x000000008780bec0       0x3c cmd/built-in.o
 .text.env_print
                0x000000008780befc       0x78 cmd/built-in.o
 .text.do_env_print
                0x000000008780bf74       0x78 cmd/built-in.o
 .text.do_env_default
                0x000000008780bfec       0x5c cmd/built-in.o
 .text.do_env_exists
                0x000000008780c048       0x40 cmd/built-in.o
 .text._do_env_set.constprop.0
                0x000000008780c088      0x11c cmd/built-in.o
 .text.do_env_set
                0x000000008780c1a4       0x14 cmd/built-in.o
 .text.env_get_id
                0x000000008780c1b8        0xc cmd/built-in.o
                0x000000008780c1b8                env_get_id
 .text.env_set  0x000000008780c1c4       0x3c cmd/built-in.o
                0x000000008780c1c4                env_set
 .text.env_set_ulong
                0x000000008780c200       0x16 cmd/built-in.o
                0x000000008780c200                env_set_ulong
 *fill*         0x000000008780c216        0x2 
 .text.env_set_hex
                0x000000008780c218       0x20 cmd/built-in.o
                0x000000008780c218                env_set_hex
 .text.env_match
                0x000000008780c238       0x48 cmd/built-in.o
                0x000000008780c238                env_match
 .text.env_get_f
                0x000000008780c280       0x84 cmd/built-in.o
                0x000000008780c280                env_get_f
 .text.env_get  0x000000008780c304       0x50 cmd/built-in.o
                0x000000008780c304                env_get
 .text.env_get_hex
                0x000000008780c354       0x20 cmd/built-in.o
                0x000000008780c354                env_get_hex
 .text.eth_env_get_enetaddr
                0x000000008780c374       0x34 cmd/built-in.o
                0x000000008780c374                eth_env_get_enetaddr
 .text.eth_env_set_enetaddr
                0x000000008780c3a8       0x30 cmd/built-in.o
                0x000000008780c3a8                eth_env_set_enetaddr
 .text.env_get_ulong
                0x000000008780c3d8       0x1c cmd/built-in.o
                0x000000008780c3d8                env_get_ulong
 .text.do_env_edit.part.0
                0x000000008780c3f4       0x70 cmd/built-in.o
 .text.do_env_edit
                0x000000008780c464       0x1c cmd/built-in.o
 .text.board_init_f_alloc_reserve
                0x000000008780c480        0xc common/built-in.o
                0x000000008780c480                board_init_f_alloc_reserve
 .text.board_init_f_init_reserve
                0x000000008780c48c       0x14 common/built-in.o
                0x000000008780c48c                board_init_f_init_reserve
 .text.show_boot_progress
                0x000000008780c4a0        0x4 common/built-in.o
                0x000000008780c4a0                show_boot_progress
 .text.main_loop
                0x000000008780c4a4       0x34 common/built-in.o
                0x000000008780c4a4                main_loop
 .text.mdelay   0x000000008780c4d8        0xa common/built-in.o
 .text.dummy    0x000000008780c4e2        0x2 common/built-in.o
 .text.get_version
                0x000000008780c4e4        0x4 common/built-in.o
                0x000000008780c4e4                get_version
 .text.jumptable_init
                0x000000008780c4e8      0x160 common/built-in.o
                0x000000008780c4e8                jumptable_init
 .text.hash_finish_crc32
                0x000000008780c648       0x1c common/built-in.o
 .text.hash_finish_crc16_ccitt
                0x000000008780c664       0x1c common/built-in.o
 .text.hash_update_crc32
                0x000000008780c680       0x14 common/built-in.o
 .text.hash_init_crc32
                0x000000008780c694       0x14 common/built-in.o
 .text.hash_init_crc16_ccitt
                0x000000008780c6a8       0x14 common/built-in.o
 .text.hash_update_crc16_ccitt
                0x000000008780c6bc       0x14 common/built-in.o
 .text.hash_lookup_algo
                0x000000008780c6d0       0x34 common/built-in.o
                0x000000008780c6d0                hash_lookup_algo
 .text.hash_command
                0x000000008780c704       0x70 common/built-in.o
                0x000000008780c704                hash_command
 .text.b_reset  0x000000008780c774        0xe common/built-in.o
 .text.static_get
                0x000000008780c782       0x12 common/built-in.o
 .text.static_peek
                0x000000008780c794        0x6 common/built-in.o
 *fill*         0x000000008780c79a        0x2 
 .text.mapset   0x000000008780c79c       0x14 common/built-in.o
 .text.syntax_err
                0x000000008780c7b0        0xc common/built-in.o
 .text.xmalloc  0x000000008780c7bc       0x18 common/built-in.o
 .text.new_pipe
                0x000000008780c7d4       0x16 common/built-in.o
 *fill*         0x000000008780c7ea        0x2 
 .text.xrealloc
                0x000000008780c7ec       0x18 common/built-in.o
 .text.is_assignment
                0x000000008780c804       0x30 common/built-in.o
 .text.do_showvar
                0x000000008780c834       0xa0 common/built-in.o
 .text.b_addchr
                0x000000008780c8d4       0x42 common/built-in.o
 .text.done_command.isra.0
                0x000000008780c916       0x40 common/built-in.o
 .text.done_pipe.isra.0
                0x000000008780c956       0x2c common/built-in.o
 *fill*         0x000000008780c982        0x2 
 .text.done_word
                0x000000008780c984      0x1c0 common/built-in.o
 .text.free_pipe_list.isra.0
                0x000000008780cb44       0x7c common/built-in.o
 .text.file_get
                0x000000008780cbc0      0x138 common/built-in.o
 .text.b_addqchr.isra.0
                0x000000008780ccf8       0x30 common/built-in.o
 .text.file_peek
                0x000000008780cd28        0x6 common/built-in.o
 *fill*         0x000000008780cd2e        0x2 
 .text.get_local_var
                0x000000008780cd30       0x58 common/built-in.o
                0x000000008780cd30                get_local_var
 .text.set_local_var
                0x000000008780cd88      0x108 common/built-in.o
                0x000000008780cd88                set_local_var
 .text.insert_var_value_sub
                0x000000008780ce90      0x1bc common/built-in.o
 .text.parse_string_outer
                0x000000008780d04c       0x90 common/built-in.o
                0x000000008780d04c                parse_string_outer
 .text.run_list_real
                0x000000008780d0dc      0x4d4 common/built-in.o
 .text.parse_stream_outer
                0x000000008780d5b0      0x420 common/built-in.o
 .text.parse_file_outer
                0x000000008780d9d0       0x2c common/built-in.o
                0x000000008780d9d0                parse_file_outer
 .text.u_boot_hush_start
                0x000000008780d9fc       0x30 common/built-in.o
                0x000000008780d9fc                u_boot_hush_start
 .text.bootdelay_process
                0x000000008780da2c      0x110 common/built-in.o
                0x000000008780da2c                bootdelay_process
 .text.autoboot_command
                0x000000008780db3c       0xa4 common/built-in.o
                0x000000008780db3c                autoboot_command
 .text.log_init
                0x000000008780dbe0        0x8 common/built-in.o
 .text.display_text_info
                0x000000008780dbe8        0x4 common/built-in.o
 .text.setup_mon_len
                0x000000008780dbec       0x18 common/built-in.o
 .text.reserve_round_4k
                0x000000008780dc04       0x14 common/built-in.o
 .text.reserve_mmu
                0x000000008780dc18       0x2e common/built-in.o
                0x000000008780dc18                reserve_mmu
 .text.reserve_uboot
                0x000000008780dc46       0x30 common/built-in.o
 .text.reserve_malloc
                0x000000008780dc76       0x14 common/built-in.o
 .text.reserve_global_data
                0x000000008780dc8a       0x16 common/built-in.o
 .text.reserve_fdt
                0x000000008780dca0       0x3a common/built-in.o
 .text.dram_init_banksize
                0x000000008780dcda       0x1a common/built-in.o
                0x000000008780dcda                dram_init_banksize
 .text.setup_reloc
                0x000000008780dcf4       0x26 common/built-in.o
 .text.reloc_fdt
                0x000000008780dd1a       0x2c common/built-in.o
 .text.reserve_board
                0x000000008780dd46       0x28 common/built-in.o
 *fill*         0x000000008780dd6e        0x2 
 .text.announce_dram_init
                0x000000008780dd70       0x10 common/built-in.o
 .text.init_baud_rate
                0x000000008780dd80       0x1c common/built-in.o
 .text.initf_dm
                0x000000008780dd9c        0x6 common/built-in.o
 .text.initf_bootstage
                0x000000008780dda2        0xc common/built-in.o
 .text.clear_bss
                0x000000008780ddae        0x4 common/built-in.o
                0x000000008780ddae                clear_bss
 .text.setup_spl_handoff
                0x000000008780ddb2        0x4 common/built-in.o
 .text.mach_cpu_init
                0x000000008780ddb6        0x4 common/built-in.o
                0x000000008780ddb6                mach_cpu_init
 .text.reserve_video
                0x000000008780ddba        0x4 common/built-in.o
 .text.reserve_trace
                0x000000008780ddbe        0x4 common/built-in.o
 .text.setup_machine
                0x000000008780ddc2        0x4 common/built-in.o
 .text.reserve_bootstage
                0x000000008780ddc6        0x4 common/built-in.o
 .text.reserve_bloblist
                0x000000008780ddca        0x4 common/built-in.o
 .text.display_new_sp
                0x000000008780ddce        0x4 common/built-in.o
 .text.reloc_bootstage
                0x000000008780ddd2        0x4 common/built-in.o
 .text.reloc_bloblist
                0x000000008780ddd6        0x4 common/built-in.o
 .text.initf_console_record
                0x000000008780ddda        0x4 common/built-in.o
 .text.reserve_arch
                0x000000008780ddde        0x4 common/built-in.o
                0x000000008780ddde                reserve_arch
 .text.arch_cpu_init_dm
                0x000000008780dde2        0x4 common/built-in.o
                0x000000008780dde2                arch_cpu_init_dm
 .text.checkcpu
                0x000000008780dde6        0x4 common/built-in.o
                0x000000008780dde6                checkcpu
 .text.coloured_LED_init
                0x000000008780ddea        0x2 common/built-in.o
                0x000000008780ddea                coloured_LED_init
 .text.red_led_on
                0x000000008780ddec        0x2 common/built-in.o
                0x000000008780ddec                red_led_on
 .text.board_add_ram_info
                0x000000008780ddee        0x2 common/built-in.o
                0x000000008780ddee                board_add_ram_info
 .text.show_dram_config
                0x000000008780ddf0       0x28 common/built-in.o
 .text.setup_dest_addr
                0x000000008780de18       0x30 common/built-in.o
 .text.reserve_stacks
                0x000000008780de48       0x1a common/built-in.o
 *fill*         0x000000008780de62        0x2 
 .text.board_init_f
                0x000000008780de64       0x48 common/built-in.o
                0x000000008780de64                board_init_f
 .text.initr_trace
                0x000000008780deac        0x4 common/built-in.o
 .text.initr_reloc
                0x000000008780deb0       0x14 common/built-in.o
 .text.run_main_loop
                0x000000008780dec4        0x8 common/built-in.o
 .text.initr_check_fastboot
                0x000000008780decc        0xa common/built-in.o
 *fill*         0x000000008780ded6        0x2 
 .text.initr_net
                0x000000008780ded8       0x14 common/built-in.o
 .text.initr_fastboot_setup
                0x000000008780deec        0xa common/built-in.o
 *fill*         0x000000008780def6        0x2 
 .text.initr_ethaddr
                0x000000008780def8       0x18 common/built-in.o
 .text.initr_enable_interrupts
                0x000000008780df10        0xa common/built-in.o
 .text.initr_jumptable
                0x000000008780df1a        0xa common/built-in.o
 .text.initr_env
                0x000000008780df24       0x48 common/built-in.o
 .text.initr_mmc
                0x000000008780df6c       0x18 common/built-in.o
 .text.initr_serial
                0x000000008780df84        0xa common/built-in.o
 .text.initr_dm
                0x000000008780df8e       0x12 common/built-in.o
 .text.initr_bootstage
                0x000000008780dfa0        0xc common/built-in.o
 .text.initr_malloc
                0x000000008780dfac       0x1c common/built-in.o
 .text.initr_reloc_global_data
                0x000000008780dfc8       0x38 common/built-in.o
 .text.initr_caches
                0x000000008780e000        0xa common/built-in.o
 .text.initr_binman
                0x000000008780e00a        0x4 common/built-in.o
 .text.initr_barrier
                0x000000008780e00e        0x4 common/built-in.o
 .text.initr_console_record
                0x000000008780e012        0x4 common/built-in.o
 .text.initr_dm_devices
                0x000000008780e016        0x4 common/built-in.o
 .text.initr_announce
                0x000000008780e01a        0x4 common/built-in.o
 .text.cpu_secondary_init_r
                0x000000008780e01e        0x2 common/built-in.o
                0x000000008780e01e                cpu_secondary_init_r
 .text.initr_secondary_cpu
                0x000000008780e020        0xa common/built-in.o
 *fill*         0x000000008780e02a        0x2 
 .text.board_init_r
                0x000000008780e02c       0x48 common/built-in.o
                0x000000008780e02c                board_init_r
 .text.show_board_info
                0x000000008780e074       0x2c common/built-in.o
                0x000000008780e074                show_board_info
 .text.bootm_find_images
                0x000000008780e0a0       0x6c common/built-in.o
                0x000000008780e0a0                bootm_find_images
 .text.bootm_disable_interrupts
                0x000000008780e10c       0x10 common/built-in.o
                0x000000008780e10c                bootm_disable_interrupts
 .text.do_bootm_states
                0x000000008780e11c      0x57c common/built-in.o
                0x000000008780e11c                do_bootm_states
 .text.do_bootm_vxworks
                0x000000008780e698      0x150 common/built-in.o
                0x000000008780e698                do_bootm_vxworks
 .text.do_bootm_qnxelf
                0x000000008780e7e8       0x4c common/built-in.o
 .text.do_bootm_standalone
                0x000000008780e834       0x3c common/built-in.o
 .text.board_preboot_os
                0x000000008780e870        0x2 common/built-in.o
                0x000000008780e870                board_preboot_os
 .text.boot_selected_os
                0x000000008780e872       0x3e common/built-in.o
                0x000000008780e872                boot_selected_os
 .text.bootm_os_get_boot_func
                0x000000008780e8b0        0xc common/built-in.o
                0x000000008780e8b0                bootm_os_get_boot_func
 .text.of_bus_default_map
                0x000000008780e8bc       0x70 common/built-in.o
 .text.fdt_pack_reg
                0x000000008780e92c       0x84 common/built-in.o
 .text.of_bus_default_translate
                0x000000008780e9b0       0x66 common/built-in.o
 *fill*         0x000000008780ea16        0x2 
 .text.fdt_support_default_count_cells
                0x000000008780ea18       0x34 common/built-in.o
                0x000000008780ea18                fdt_support_default_count_cells
 .text.__of_translate_address
                0x000000008780ea4c      0x174 common/built-in.o
 .text.fdt_find_and_setprop
                0x000000008780ebc0       0x46 common/built-in.o
                0x000000008780ebc0                fdt_find_and_setprop
 *fill*         0x000000008780ec06        0x2 
 .text.fdt_find_or_add_subnode
                0x000000008780ec08       0x40 common/built-in.o
                0x000000008780ec08                fdt_find_or_add_subnode
 .text.fdt_root
                0x000000008780ec48       0x60 common/built-in.o
                0x000000008780ec48                fdt_root
 .text.fdt_initrd
                0x000000008780eca8      0x12c common/built-in.o
                0x000000008780eca8                fdt_initrd
 .text.fdt_chosen
                0x000000008780edd4       0x6c common/built-in.o
                0x000000008780edd4                fdt_chosen
 .text.do_fixup_by_path
                0x000000008780ee40       0x34 common/built-in.o
                0x000000008780ee40                do_fixup_by_path
 .text.fdt_fixup_memory_banks
                0x000000008780ee74       0xec common/built-in.o
                0x000000008780ee74                fdt_fixup_memory_banks
 .text.fdt_fixup_memory
                0x000000008780ef60       0x16 common/built-in.o
                0x000000008780ef60                fdt_fixup_memory
 *fill*         0x000000008780ef76        0x2 
 .text.fdt_fixup_ethernet
                0x000000008780ef78      0x108 common/built-in.o
                0x000000008780ef78                fdt_fixup_ethernet
 .text.fdt_shrink_to_minimum
                0x000000008780f080       0x84 common/built-in.o
                0x000000008780f080                fdt_shrink_to_minimum
 .text.fdt_translate_address
                0x000000008780f104        0xc common/built-in.o
                0x000000008780f104                fdt_translate_address
 .text.miiphy_get_dev_by_name
                0x000000008780f110       0x34 common/built-in.o
                0x000000008780f110                miiphy_get_dev_by_name
 .text.miiphy_init
                0x000000008780f144       0x18 common/built-in.o
                0x000000008780f144                miiphy_init
 .text.miiphy_set_current_dev
                0x000000008780f15c       0x28 common/built-in.o
                0x000000008780f15c                miiphy_set_current_dev
 .text.miiphy_get_active_dev
                0x000000008780f184       0x2c common/built-in.o
 .text.miiphy_get_current_dev
                0x000000008780f1b0       0x10 common/built-in.o
                0x000000008780f1b0                miiphy_get_current_dev
 .text.miiphy_read
                0x000000008780f1c0       0x28 common/built-in.o
                0x000000008780f1c0                miiphy_read
 .text.miiphy_write
                0x000000008780f1e8       0x24 common/built-in.o
                0x000000008780f1e8                miiphy_write
 .text.miiphy_listdev
                0x000000008780f20c       0x54 common/built-in.o
                0x000000008780f20c                miiphy_listdev
 .text.miiphy_info
                0x000000008780f260       0x5c common/built-in.o
                0x000000008780f260                miiphy_info
 .text.miiphy_speed
                0x000000008780f2bc       0x80 common/built-in.o
                0x000000008780f2bc                miiphy_speed
 .text.miiphy_duplex
                0x000000008780f33c       0x7c common/built-in.o
                0x000000008780f33c                miiphy_duplex
 .text.miiphy_is_1000base_x
                0x000000008780f3b8        0x4 common/built-in.o
                0x000000008780f3b8                miiphy_is_1000base_x
 .text.usb_set_maxpacket_ep
                0x000000008780f3bc       0x52 common/built-in.o
 .text.usb_int_msg
                0x000000008780f40e        0xe common/built-in.o
                0x000000008780f40e                usb_int_msg
 .text.usb_control_msg
                0x000000008780f41c       0x6c common/built-in.o
                0x000000008780f41c                usb_control_msg
 .text.usb_get_descriptor
                0x000000008780f488       0x36 common/built-in.o
 *fill*         0x000000008780f4be        0x2 
 .text.get_descriptor_len
                0x000000008780f4c0       0x60 common/built-in.o
 .text.usb_setup_descriptor
                0x000000008780f520       0x84 common/built-in.o
 .text.usb_get_string
                0x000000008780f5a4       0x50 common/built-in.o
 .text.usb_string_sub
                0x000000008780f5f4       0x90 common/built-in.o
 .text.usb_bulk_msg
                0x000000008780f684       0x4a common/built-in.o
                0x000000008780f684                usb_bulk_msg
 .text.usb_maxpacket
                0x000000008780f6ce       0x14 common/built-in.o
                0x000000008780f6ce                usb_maxpacket
 .text.usb_clear_halt
                0x000000008780f6e2       0x60 common/built-in.o
                0x000000008780f6e2                usb_clear_halt
 *fill*         0x000000008780f742        0x2 
 .text.usb_get_configuration_len
                0x000000008780f744       0x50 common/built-in.o
                0x000000008780f744                usb_get_configuration_len
 .text.usb_get_configuration_no
                0x000000008780f794       0x1c common/built-in.o
                0x000000008780f794                usb_get_configuration_no
 .text.usb_set_interface
                0x000000008780f7b0       0x74 common/built-in.o
                0x000000008780f7b0                usb_set_interface
 .text.usb_string
                0x000000008780f824       0x9e common/built-in.o
                0x000000008780f824                usb_string
 *fill*         0x000000008780f8c2        0x2 
 .text.usb_select_config
                0x000000008780f8c4      0x314 common/built-in.o
                0x000000008780f8c4                usb_select_config
 .text.usb_setup_device
                0x000000008780fbd8       0xa4 common/built-in.o
                0x000000008780fbd8                usb_setup_device
 .text.board_usb_init
                0x000000008780fc7c        0x4 common/built-in.o
                0x000000008780fc7c                board_usb_init
 .text.board_usb_cleanup
                0x000000008780fc80        0x4 common/built-in.o
                0x000000008780fc80                board_usb_cleanup
 .text.usb_device_has_child_on_port
                0x000000008780fc84        0x4 common/built-in.o
                0x000000008780fc84                usb_device_has_child_on_port
 .text.usb_find_usb2_hub_address_port
                0x000000008780fc88       0x4c common/built-in.o
                0x000000008780fc88                usb_find_usb2_hub_address_port
 .text.usb_set_port_feature
                0x000000008780fcd4       0x2e common/built-in.o
 .text.usb_get_hub_descriptor
                0x000000008780fd02       0x3e common/built-in.o
 .text.usb_clear_port_feature.isra.0
                0x000000008780fd40       0x2e common/built-in.o
 .text.usb_hub_reset_devices
                0x000000008780fd6e        0x2 common/built-in.o
                0x000000008780fd6e                usb_hub_reset_devices
 .text.usb_hub_is_root_hub
                0x000000008780fd70       0x10 common/built-in.o
                0x000000008780fd70                usb_hub_is_root_hub
 .text.usb_get_port_status
                0x000000008780fd80       0x70 common/built-in.o
                0x000000008780fd80                usb_get_port_status
 .text.usb_hub_port_connect_change
                0x000000008780fdf0       0xf8 common/built-in.o
                0x000000008780fdf0                usb_hub_port_connect_change
 .text.usb_hub_configure
                0x000000008780fee8      0x3e4 common/built-in.o
 .text.usb_hub_scan
                0x00000000878102cc        0xe common/built-in.o
                0x00000000878102cc                usb_hub_scan
 .text.usb_hub_post_probe
                0x00000000878102da        0x4 common/built-in.o
 .text.usb_stor_irq
                0x00000000878102de       0x10 common/built-in.o
 *fill*         0x00000000878102ee        0x2 
 .text.usb_stor_BBB_reset
                0x00000000878102f0       0x94 common/built-in.o
 .text.usb_stor_CB_reset
                0x0000000087810384       0x8c common/built-in.o
 .text.usb_stor_CB_comdat
                0x0000000087810410      0x154 common/built-in.o
 .text.usb_stor_CBI_get_status
                0x0000000087810564       0x84 common/built-in.o
 .text.usb_stor_CB_transport
                0x00000000878105e8      0x15c common/built-in.o
 .text.usb_request_sense.constprop.0.isra.0
                0x0000000087810744       0x48 common/built-in.o
 .text.usb_stor_write
                0x000000008781078c       0xfc common/built-in.o
 .text.usb_stor_read
                0x0000000087810888       0xfc common/built-in.o
 .text.usb_stor_BBB_clear_endpt_stall.isra.0
                0x0000000087810984       0x2c common/built-in.o
 .text.usb_stor_BBB_transport
                0x00000000878109b0      0x1b8 common/built-in.o
 .text.usb_stor_info
                0x0000000087810b68       0x48 common/built-in.o
                0x0000000087810b68                usb_stor_info
 .text.usb_stor_reset
                0x0000000087810bb0        0xc common/built-in.o
                0x0000000087810bb0                usb_stor_reset
 .text.usb_stor_scan
                0x0000000087810bbc       0x30 common/built-in.o
                0x0000000087810bbc                usb_stor_scan
 .text.usb_storage_probe
                0x0000000087810bec      0x178 common/built-in.o
                0x0000000087810bec                usb_storage_probe
 .text.usb_stor_get_info
                0x0000000087810d64      0x220 common/built-in.o
                0x0000000087810d64                usb_stor_get_info
 .text.usb_mass_storage_probe
                0x0000000087810f84      0x100 common/built-in.o
 .text.iomux_doenv
                0x0000000087811084      0x138 common/built-in.o
                0x0000000087811084                iomux_doenv
 .text.cread_add_char
                0x00000000878111bc       0x80 common/built-in.o
 .text.delete_char
                0x000000008781123c       0x88 common/built-in.o
 .text.cli_readline_into_buffer
                0x00000000878112c4      0x650 common/built-in.o
                0x00000000878112c4                cli_readline_into_buffer
 .text.cli_readline
                0x0000000087811914       0x10 common/built-in.o
                0x0000000087811914                cli_readline
 .text.console_tstc
                0x0000000087811924       0x60 common/built-in.o
 .text.console_putc
                0x0000000087811984       0x38 common/built-in.o
 .text.console_puts
                0x00000000878119bc       0x38 common/built-in.o
 .text.on_console
                0x00000000878119f4       0x70 common/built-in.o
 .text.serial_printf
                0x0000000087811a64       0x32 common/built-in.o
                0x0000000087811a64                serial_printf
 .text.puts     0x0000000087811a96       0x22 common/built-in.o
                0x0000000087811a96                puts
 .text.putc     0x0000000087811ab8       0x22 common/built-in.o
                0x0000000087811ab8                putc
 .text.tstc     0x0000000087811ada       0x1a common/built-in.o
                0x0000000087811ada                tstc
 .text.fgetc.part.0
                0x0000000087811af4       0x24 common/built-in.o
 .text.getc     0x0000000087811b18       0x1a common/built-in.o
                0x0000000087811b18                getc
 .text.fputs    0x0000000087811b32        0xa common/built-in.o
                0x0000000087811b32                fputs
 .text.ctrlc    0x0000000087811b3c       0x34 common/built-in.o
                0x0000000087811b3c                ctrlc
 .text.confirm_yesno
                0x0000000087811b70       0x84 common/built-in.o
                0x0000000087811b70                confirm_yesno
 .text.disable_ctrlc
                0x0000000087811bf4       0x10 common/built-in.o
                0x0000000087811bf4                disable_ctrlc
 .text.had_ctrlc
                0x0000000087811c04        0xc common/built-in.o
                0x0000000087811c04                had_ctrlc
 .text.clear_ctrlc
                0x0000000087811c10        0xc common/built-in.o
                0x0000000087811c10                clear_ctrlc
 .text.search_device
                0x0000000087811c1c       0x16 common/built-in.o
                0x0000000087811c1c                search_device
 *fill*         0x0000000087811c32        0x2 
 .text.console_assign
                0x0000000087811c34       0x84 common/built-in.o
                0x0000000087811c34                console_assign
 .text.console_init_f
                0x0000000087811cb8        0xa common/built-in.o
                0x0000000087811cb8                console_init_f
 *fill*         0x0000000087811cc2        0x2 
 .text.stdio_print_current_devices
                0x0000000087811cc4       0x78 common/built-in.o
                0x0000000087811cc4                stdio_print_current_devices
 .text.console_init_r
                0x0000000087811d3c      0x10c common/built-in.o
                0x0000000087811d3c                console_init_r
 .text.sbrk     0x0000000087811e48       0x40 common/built-in.o
                0x0000000087811e48                sbrk
 .text.mem_malloc_init
                0x0000000087811e88       0x28 common/built-in.o
                0x0000000087811e88                mem_malloc_init
 .text.malloc_trim
                0x0000000087811eb0       0x84 common/built-in.o
                0x0000000087811eb0                malloc_trim
 .text.free     0x0000000087811f34      0x168 common/built-in.o
                0x0000000087811f34                free
 .text.malloc   0x000000008781209c      0x420 common/built-in.o
                0x000000008781209c                malloc
 .text.calloc   0x00000000878124bc       0x9c common/built-in.o
                0x00000000878124bc                calloc
 .text.realloc  0x0000000087812558      0x2d4 common/built-in.o
                0x0000000087812558                realloc
 .text.memalign
                0x000000008781282c      0x116 common/built-in.o
                0x000000008781282c                memalign
 .text.initf_malloc
                0x0000000087812942       0x14 common/built-in.o
                0x0000000087812942                initf_malloc
 .text.alloc_simple
                0x0000000087812956       0x3a common/built-in.o
 .text.malloc_simple
                0x0000000087812990        0x6 common/built-in.o
                0x0000000087812990                malloc_simple
 .text.memalign_simple
                0x0000000087812996        0xa common/built-in.o
                0x0000000087812996                memalign_simple
 .text.on_loadaddr
                0x00000000878129a0       0x1c common/built-in.o
 .text.image_check_hcrc
                0x00000000878129bc       0x2a common/built-in.o
                0x00000000878129bc                image_check_hcrc
 .text.image_check_dcrc
                0x00000000878129e6       0x22 common/built-in.o
                0x00000000878129e6                image_check_dcrc
 .text.image_multi_count
                0x0000000087812a08       0x12 common/built-in.o
                0x0000000087812a08                image_multi_count
 .text.image_multi_getimg
                0x0000000087812a1a       0x4a common/built-in.o
                0x0000000087812a1a                image_multi_getimg
 .text.env_get_bootm_low
                0x0000000087812a64       0x20 common/built-in.o
                0x0000000087812a64                env_get_bootm_low
 .text.env_get_bootm_size
                0x0000000087812a84       0x44 common/built-in.o
                0x0000000087812a84                env_get_bootm_size
 .text.env_get_bootm_mapsize
                0x0000000087812ac8       0x20 common/built-in.o
                0x0000000087812ac8                env_get_bootm_mapsize
 .text.memmove_wd
                0x0000000087812ae8        0xa common/built-in.o
                0x0000000087812ae8                memmove_wd
 *fill*         0x0000000087812af2        0x2 
 .text.genimg_print_size
                0x0000000087812af4       0x24 common/built-in.o
                0x0000000087812af4                genimg_print_size
 .text.get_table_entry
                0x0000000087812b18       0x12 common/built-in.o
                0x0000000087812b18                get_table_entry
 .text.get_table_entry_name
                0x0000000087812b2a       0x12 common/built-in.o
                0x0000000087812b2a                get_table_entry_name
 .text.genimg_get_os_name
                0x0000000087812b3c       0x14 common/built-in.o
                0x0000000087812b3c                genimg_get_os_name
 .text.genimg_get_arch_name
                0x0000000087812b50       0x14 common/built-in.o
                0x0000000087812b50                genimg_get_arch_name
 .text.genimg_get_type_name
                0x0000000087812b64       0x14 common/built-in.o
                0x0000000087812b64                genimg_get_type_name
 .text.image_decomp
                0x0000000087812b78       0x98 common/built-in.o
                0x0000000087812b78                image_decomp
 .text.genimg_get_comp_name
                0x0000000087812c10       0x14 common/built-in.o
                0x0000000087812c10                genimg_get_comp_name
 .text.image_print_contents
                0x0000000087812c24      0x118 common/built-in.o
                0x0000000087812c24                image_print_contents
 .text.genimg_get_kernel_addr_fit
                0x0000000087812d3c       0x14 common/built-in.o
                0x0000000087812d3c                genimg_get_kernel_addr_fit
 .text.genimg_get_format
                0x0000000087812d50       0x30 common/built-in.o
                0x0000000087812d50                genimg_get_format
 .text.genimg_has_config
                0x0000000087812d80        0x4 common/built-in.o
                0x0000000087812d80                genimg_has_config
 .text.boot_get_ramdisk
                0x0000000087812d84      0x1d4 common/built-in.o
                0x0000000087812d84                boot_get_ramdisk
 .text.boot_ramdisk_high
                0x0000000087812f58       0xbc common/built-in.o
                0x0000000087812f58                boot_ramdisk_high
 .text.boot_get_setup
                0x0000000087813014        0x6 common/built-in.o
                0x0000000087813014                boot_get_setup
 .text.image_setup_linux
                0x000000008781301a       0x36 common/built-in.o
                0x000000008781301a                image_setup_linux
 .text.append_kernel_cmdline
                0x0000000087813050      0x2a0 common/built-in.o
 .text.android_image_get_kernel
                0x00000000878132f0      0x18c common/built-in.o
                0x00000000878132f0                android_image_get_kernel
 .text.android_image_check_header
                0x000000008781347c       0x10 common/built-in.o
                0x000000008781347c                android_image_check_header
 .text.android_image_get_end
                0x000000008781348c       0xe8 common/built-in.o
                0x000000008781348c                android_image_get_end
 .text.android_image_get_kload
                0x0000000087813574       0x40 common/built-in.o
                0x0000000087813574                android_image_get_kload
 .text.android_image_get_kcomp
                0x00000000878135b4       0x40 common/built-in.o
                0x00000000878135b4                android_image_get_kcomp
 .text.android_image_get_ramdisk
                0x00000000878135f4       0xc4 common/built-in.o
                0x00000000878135f4                android_image_get_ramdisk
 .text.android_image_get_second
                0x00000000878136b8       0xe8 common/built-in.o
                0x00000000878136b8                android_image_get_second
 .text.android_print_contents
                0x00000000878137a0      0x310 common/built-in.o
                0x00000000878137a0                android_print_contents
 .text.fdt_error
                0x0000000087813ab0       0x24 common/built-in.o
 .text.boot_fdt_add_mem_rsv_regions
                0x0000000087813ad4       0xfc common/built-in.o
                0x0000000087813ad4                boot_fdt_add_mem_rsv_regions
 .text.boot_relocate_fdt
                0x0000000087813bd0      0x10c common/built-in.o
                0x0000000087813bd0                boot_relocate_fdt
 .text.boot_get_fdt
                0x0000000087813cdc      0x204 common/built-in.o
                0x0000000087813cdc                boot_get_fdt
 .text.ft_verify_fdt
                0x0000000087813ee0        0x4 common/built-in.o
                0x0000000087813ee0                ft_verify_fdt
 .text.image_setup_libfdt
                0x0000000087813ee4       0xac common/built-in.o
                0x0000000087813ee4                image_setup_libfdt
 .text.get_effective_memsize
                0x0000000087813f90        0x6 common/built-in.o
                0x0000000087813f90                get_effective_memsize
 .text.nulldev_putc
                0x0000000087813f96        0x2 common/built-in.o
 .text.nulldev_puts
                0x0000000087813f98        0x2 common/built-in.o
 .text.nulldev_input
                0x0000000087813f9a        0x4 common/built-in.o
 .text.stdio_serial_tstc
                0x0000000087813f9e        0x4 common/built-in.o
 .text.stdio_serial_getc
                0x0000000087813fa2        0x4 common/built-in.o
 .text.stdio_serial_puts
                0x0000000087813fa6        0x6 common/built-in.o
 .text.stdio_serial_putc
                0x0000000087813fac        0x6 common/built-in.o
 *fill*         0x0000000087813fb2        0x2 
 .text.stdio_get_list
                0x0000000087813fb4        0x8 common/built-in.o
                0x0000000087813fb4                stdio_get_list
 .text.stdio_get_by_name
                0x0000000087813fbc       0x30 common/built-in.o
                0x0000000087813fbc                stdio_get_by_name
 .text.stdio_clone
                0x0000000087813fec       0x22 common/built-in.o
                0x0000000087813fec                stdio_clone
 *fill*         0x000000008781400e        0x2 
 .text.stdio_register_dev
                0x0000000087814010       0x34 common/built-in.o
                0x0000000087814010                stdio_register_dev
 .text.stdio_register
                0x0000000087814044        0x6 common/built-in.o
                0x0000000087814044                stdio_register
 *fill*         0x000000008781404a        0x2 
 .text.stdio_deregister_dev
                0x000000008781404c       0xa0 common/built-in.o
                0x000000008781404c                stdio_deregister_dev
 .text.stdio_deregister
                0x00000000878140ec       0x1a common/built-in.o
                0x00000000878140ec                stdio_deregister
 *fill*         0x0000000087814106        0x2 
 .text.stdio_init_tables
                0x0000000087814108       0x14 common/built-in.o
                0x0000000087814108                stdio_init_tables
 .text.stdio_add_devices
                0x000000008781411c       0x88 common/built-in.o
                0x000000008781411c                stdio_add_devices
 .text.run_command
                0x00000000878141a4        0xe common/built-in.o
                0x00000000878141a4                run_command
 .text.run_command_list
                0x00000000878141b2       0x46 common/built-in.o
                0x00000000878141b2                run_command_list
 .text.do_run   0x00000000878141f8       0x4c common/built-in.o
                0x00000000878141f8                do_run
 .text.cli_process_fdt
                0x0000000087814244       0x30 common/built-in.o
                0x0000000087814244                cli_process_fdt
 .text.cli_secure_boot_cmd
                0x0000000087814274       0x4c common/built-in.o
                0x0000000087814274                cli_secure_boot_cmd
 .text.cli_loop
                0x00000000878142c0        0xe common/built-in.o
                0x00000000878142c0                cli_loop
 .text.cli_init
                0x00000000878142ce        0x4 common/built-in.o
                0x00000000878142ce                cli_init
 *fill*         0x00000000878142d2        0x2 
 .text.run_usb_dnl_gadget
                0x00000000878142d4       0xbc common/built-in.o
                0x00000000878142d4                run_usb_dnl_gadget
 .text.find_cmd_tbl
                0x0000000087814390       0x64 common/built-in.o
                0x0000000087814390                find_cmd_tbl
 .text.find_cmd
                0x00000000878143f4       0x1c common/built-in.o
                0x00000000878143f4                find_cmd
 .text.cmd_usage
                0x0000000087814410       0x3c common/built-in.o
                0x0000000087814410                cmd_usage
 .text._do_help
                0x000000008781444c      0x104 common/built-in.o
                0x000000008781444c                _do_help
 .text.var_complete
                0x0000000087814550       0x50 common/built-in.o
                0x0000000087814550                var_complete
 .text.complete_subcmdv
                0x00000000878145a0      0x104 common/built-in.o
                0x00000000878145a0                complete_subcmdv
 .text.cmd_auto_complete
                0x00000000878146a4      0x280 common/built-in.o
                0x00000000878146a4                cmd_auto_complete
 .text.cmd_get_data_size
                0x0000000087814924       0x34 common/built-in.o
                0x0000000087814924                cmd_get_data_size
 .text.cmd_always_repeatable
                0x0000000087814958       0x10 common/built-in.o
                0x0000000087814958                cmd_always_repeatable
 .text.cmd_never_repeatable
                0x0000000087814968       0x10 common/built-in.o
                0x0000000087814968                cmd_never_repeatable
 .text.cmd_process
                0x0000000087814978       0xdc common/built-in.o
                0x0000000087814978                cmd_process
 .text.cmd_process_error
                0x0000000087814a54       0x1c common/built-in.o
                0x0000000087814a54                cmd_process_error
 .text.hex1_bin
                0x0000000087814a70       0x2c common/built-in.o
 .text.hex2_bin
                0x0000000087814a9c       0x24 common/built-in.o
 .text.srec_decode
                0x0000000087814ac0      0x190 common/built-in.o
                0x0000000087814ac0                srec_decode
 .text.CYGACC_COMM_IF_GETC_TIMEOUT.constprop.0
                0x0000000087814c50       0x2e common/built-in.o
 .text.xyzModem_flush
                0x0000000087814c7e       0x14 common/built-in.o
 *fill*         0x0000000087814c92        0x2 
 .text.xyzModem_get_hdr
                0x0000000087814c94      0x168 common/built-in.o
 .text.xyzModem_stream_open
                0x0000000087814dfc      0x16c common/built-in.o
                0x0000000087814dfc                xyzModem_stream_open
 .text.xyzModem_stream_read
                0x0000000087814f68      0x194 common/built-in.o
                0x0000000087814f68                xyzModem_stream_read
 .text.xyzModem_stream_close
                0x00000000878150fc       0x40 common/built-in.o
                0x00000000878150fc                xyzModem_stream_close
 .text.xyzModem_stream_terminate
                0x000000008781513c       0x68 common/built-in.o
                0x000000008781513c                xyzModem_stream_terminate
 .text.xyzModem_error
                0x00000000878151a4       0x18 common/built-in.o
                0x00000000878151a4                xyzModem_error
 .text.part_driver_lookup_type
                0x00000000878151bc       0x44 disk/built-in.o
 .text.blk_get_dev
                0x0000000087815200       0x18 disk/built-in.o
                0x0000000087815200                blk_get_dev
 .text.dev_print
                0x0000000087815218      0x178 disk/built-in.o
                0x0000000087815218                dev_print
 .text.part_init
                0x0000000087815390       0x38 disk/built-in.o
                0x0000000087815390                part_init
 .text.part_print
                0x00000000878153c8       0xb8 disk/built-in.o
                0x00000000878153c8                part_print
 .text.part_get_info
                0x0000000087815480       0x36 disk/built-in.o
                0x0000000087815480                part_get_info
 *fill*         0x00000000878154b6        0x2 
 .text.part_get_info_whole_disk
                0x00000000878154b8       0x38 disk/built-in.o
                0x00000000878154b8                part_get_info_whole_disk
 .text.blk_get_device_by_str
                0x00000000878154f0       0xbc disk/built-in.o
                0x00000000878154f0                blk_get_device_by_str
 .text.blk_get_device_part_str
                0x00000000878155ac      0x238 disk/built-in.o
                0x00000000878155ac                blk_get_device_part_str
 .text.part_set_generic_name
                0x00000000878157e4       0x38 disk/built-in.o
                0x00000000878157e4                part_set_generic_name
 .text.test_block_type
                0x000000008781581c       0x78 disk/built-in.o
 .text.print_partition_extended
                0x0000000087815894      0x1a4 disk/built-in.o
 .text.part_print_dos
                0x0000000087815a38       0x20 disk/built-in.o
                0x0000000087815a38                part_print_dos
 .text.part_test_dos
                0x0000000087815a58       0x58 disk/built-in.o
 .text.part_get_info_extended
                0x0000000087815ab0      0x1d8 disk/built-in.o
 .text.part_get_info_dos
                0x0000000087815c88       0x1a disk/built-in.o
                0x0000000087815c88                part_get_info_dos
 *fill*         0x0000000087815ca2        0x2 
 .text.print_efiname
                0x0000000087815ca4       0x3c disk/built-in.o
 .text.part_test_efi
                0x0000000087815ce0       0x78 disk/built-in.o
 .text.validate_gpt_header
                0x0000000087815d58      0x1a8 disk/built-in.o
 .text.is_gpt_valid
                0x0000000087815f00      0x268 disk/built-in.o
 .text.is_pte_valid
                0x0000000087816168       0x38 disk/built-in.o
 .text.find_valid_gpt.constprop.0
                0x00000000878161a0       0x48 disk/built-in.o
 .text.part_get_info_efi
                0x00000000878161e8      0x134 disk/built-in.o
                0x00000000878161e8                part_get_info_efi
 .text.part_print_efi
                0x000000008781631c      0x1b0 disk/built-in.o
                0x000000008781631c                part_print_efi
 .text.get_disk_guid
                0x00000000878164cc       0x62 disk/built-in.o
                0x00000000878164cc                get_disk_guid
 *fill*         0x000000008781652e        0x2 
 .text.write_gpt_table
                0x0000000087816530      0x374 disk/built-in.o
                0x0000000087816530                write_gpt_table
 .text.gpt_fill_pte
                0x00000000878168a4      0x25c disk/built-in.o
                0x00000000878168a4                gpt_fill_pte
 .text.gpt_fill_header
                0x0000000087816b00      0x19c disk/built-in.o
                0x0000000087816b00                gpt_fill_header
 .text.gpt_restore
                0x0000000087816c9c       0xc8 disk/built-in.o
                0x0000000087816c9c                gpt_restore
 .text.gpt_verify_headers
                0x0000000087816d64       0x58 disk/built-in.o
                0x0000000087816d64                gpt_verify_headers
 .text.gpt_verify_partitions
                0x0000000087816dbc      0x16c disk/built-in.o
                0x0000000087816dbc                gpt_verify_partitions
 .text.is_valid_gpt_buf
                0x0000000087816f28       0xa4 disk/built-in.o
                0x0000000087816f28                is_valid_gpt_buf
 .text.write_backup_gpt_partitions
                0x0000000087816fcc      0x244 disk/built-in.o
                0x0000000087816fcc                write_backup_gpt_partitions
 .text.alloc_priv
                0x0000000087817210       0x38 drivers/built-in.o
 .text.device_bind_common.constprop.0
                0x0000000087817248      0x20c drivers/built-in.o
 .text.device_bind_with_driver_data
                0x0000000087817454       0x16 drivers/built-in.o
                0x0000000087817454                device_bind_with_driver_data
 .text.device_bind
                0x000000008781746a       0x1c drivers/built-in.o
                0x000000008781746a                device_bind
 .text.device_bind_by_name
                0x0000000087817486       0x44 drivers/built-in.o
                0x0000000087817486                device_bind_by_name
 .text.device_ofdata_to_platdata
                0x00000000878174ca       0xa2 drivers/built-in.o
                0x00000000878174ca                device_ofdata_to_platdata
 .text.device_probe
                0x000000008781756c       0xf8 drivers/built-in.o
                0x000000008781756c                device_probe
 .text.dev_get_platdata
                0x0000000087817664       0x20 drivers/built-in.o
                0x0000000087817664                dev_get_platdata
 .text.dev_get_parent_platdata
                0x0000000087817684       0x20 drivers/built-in.o