../net/net.c:363:13:net_clear_handlers	0	static
../net/net.c:699:13:start_again_timeout_handler	0	static
../net/net.c:763:13:dummy_handler	0	static
../net/net.c:221:12:on_ipaddr	8	static
../net/net.c:233:12:on_gatewayip	8	static
../net/net.c:245:12:on_netmask	8	static
../net/net.c:257:12:on_serverip	8	static
../net/net.c:355:13:net_init_loop	0	static
../net/net.c:375:6:net_init	8	static
../net/net.c:406:13:board_net_init	0	static
../net/net.c:704:5:net_start_again	16	static
../net/net.c:769:11:net_get_udp_handler	0	static
../net/net.c:774:6:net_set_udp_handler	0	static
../net/net.c:783:11:net_get_arp_handler	0	static
../net/net.c:788:6:net_set_arp_handler	0	static
../net/net.c:804:6:net_set_timeout_handler	8	static
../net/net.c:819:8:net_get_async_tx_pkt_buf	8	static
../net/net.c:1089:6:net_process_received_packet	40	static
../net/net.c:1432:1:net_eth_hdr_size	0	static
../net/net.c:1444:5:net_set_ether	24	static
../net/net.c:1469:5:net_update_ether	16	static
../net/net.c:1492:6:net_set_ip_header	16	static
../net/net.c:1517:6:net_set_udp_header	32	static
../net/net.c:834:5:net_send_ip_packet	40	static
../net/net.c:827:5:net_send_udp_packet	32	static
../net/net.c:1539:6:copy_filename	0	static
../net/net.c:1551:5:is_serverip_in_cmd	8	static
../net/net.c:1344:12:net_check_prereq	8	static
../net/net.c:311:6:net_auto_load	8	static
../net/net.c:415:5:net_loop	40	static
../net/net.c:1556:5:net_parse_bootfile	24	static
../net/net.c:1584:14:random_port	8	static
../net/net.c:1590:6:ip_to_string	16	static
../net/net.c:1601:6:vlan_to_string	0	static
../net/net.c:1614:8:string_to_vlan	8	static
../net/net.c:269:12:on_nvlan	8	static
../net/net.c:281:12:on_vlan	8	static
../net/net.c:1629:8:env_get_vlan	8	static
