../drivers/power/pmic/pmic-uclass.c:186:12:pmic_pre_probe	8	static
../drivers/power/pmic/pmic-uclass.c:19:5:pmic_bind_children	56	static
../drivers/power/pmic/pmic-uclass.c:90:5:pmic_get	0	static
../drivers/power/pmic/pmic-uclass.c:95:5:pmic_reg_count	8	static
../drivers/power/pmic/pmic-uclass.c:105:5:pmic_read	24	static
../drivers/power/pmic/pmic-uclass.c:118:5:pmic_write	24	static
../drivers/power/pmic/pmic-uclass.c:131:5:pmic_reg_read	24	static
../drivers/power/pmic/pmic-uclass.c:149:5:pmic_reg_write	24	static
../drivers/power/pmic/pmic-uclass.c:167:5:pmic_clrsetbits	40	static
