../common/image.c:566:12:on_loadaddr	8	static
../common/image.c:216:5:image_check_hcrc	72	static
../common/image.c:231:5:image_check_dcrc	8	static
../common/image.c:253:7:image_multi_count	0	static
../common/image.c:286:6:image_multi_getimg	24	static
../common/image.c:582:7:env_get_bootm_low	8	static
../common/image.c:599:13:env_get_bootm_size	16	static
../common/image.c:627:13:env_get_bootm_mapsize	8	static
../common/image.c:643:6:memmove_wd	0	static
../common/image.c:678:6:genimg_print_size	8	static
../common/image.c:706:22:get_table_entry	0	static
../common/image.c:827:20:genimg_get_short_name	8	static
../common/image.c:737:13:genimg_get_cat_name	16	static
../common/image.c:761:13:genimg_get_cat_short_name	16	static
../common/image.c:775:5:genimg_get_cat_count	0	static
../common/image.c:780:13:genimg_get_cat_desc	0	static
../common/image.c:799:7:get_table_entry_name	8	static
../common/image.c:811:13:genimg_get_os_name	0	static
../common/image.c:816:13:genimg_get_arch_name	0	static
../common/image.c:822:13:genimg_get_type_name	0	static
../common/image.c:411:5:image_decomp	32	static
../common/image.c:839:13:genimg_get_type_short_name	0	static
../common/image.c:844:13:genimg_get_comp_name	0	static
../common/image.c:346:6:image_print_contents	40	static
../common/image.c:850:13:genimg_get_comp_short_name	0	static
../common/image.c:855:13:genimg_get_os_short_name	0	static
../common/image.c:860:13:genimg_get_arch_short_name	0	static
../common/image.c:879:5:get_table_entry_id	16	static
../common/image.c:897:5:genimg_get_os_id	0	static
../common/image.c:902:5:genimg_get_arch_id	0	static
../common/image.c:907:5:genimg_get_type_id	0	static
../common/image.c:912:5:genimg_get_comp_id	0	static
../common/image.c:933:7:genimg_get_kernel_addr_fit	0	static
../common/image.c:967:7:genimg_get_kernel_addr	16	static
../common/image.c:990:5:genimg_get_format	8	static
../common/image.c:1022:5:genimg_has_config	0	static
../common/image.c:1053:5:boot_get_ramdisk	40	static
../common/image.c:1262:5:boot_ramdisk_high	32	static
../common/image.c:1337:5:boot_get_setup	0	static
../common/image.c:1609:5:image_setup_linux	24	static
